Archive member included to satisfy reference by file (symbol)

/home/ampellicht/st/stm32cubeide_1.16.1/plugins/com.st.stm32cube.ide.mcu.externaltools.gnu-tools-for-stm32.12.3.rel1.linux64_1.0.200.202406132123/tools/bin/../lib/gcc/arm-none-eabi/12.3.1/../../../../arm-none-eabi/lib/thumb/v6-m/nofp/libc_nano.a(libc_a-exit.o)
                              /home/ampellicht/st/stm32cubeide_1.16.1/plugins/com.st.stm32cube.ide.mcu.externaltools.gnu-tools-for-stm32.12.3.rel1.linux64_1.0.200.202406132123/tools/bin/../lib/gcc/arm-none-eabi/12.3.1/../../../../arm-none-eabi/lib/thumb/v6-m/nofp/crt0.o (exit)
/home/ampellicht/st/stm32cubeide_1.16.1/plugins/com.st.stm32cube.ide.mcu.externaltools.gnu-tools-for-stm32.12.3.rel1.linux64_1.0.200.202406132123/tools/bin/../lib/gcc/arm-none-eabi/12.3.1/../../../../arm-none-eabi/lib/thumb/v6-m/nofp/libc_nano.a(libc_a-findfp.o)
                              /home/ampellicht/st/stm32cubeide_1.16.1/plugins/com.st.stm32cube.ide.mcu.externaltools.gnu-tools-for-stm32.12.3.rel1.linux64_1.0.200.202406132123/tools/bin/../lib/gcc/arm-none-eabi/12.3.1/../../../../arm-none-eabi/lib/thumb/v6-m/nofp/libc_nano.a(libc_a-exit.o) (__stdio_exit_handler)
/home/ampellicht/st/stm32cubeide_1.16.1/plugins/com.st.stm32cube.ide.mcu.externaltools.gnu-tools-for-stm32.12.3.rel1.linux64_1.0.200.202406132123/tools/bin/../lib/gcc/arm-none-eabi/12.3.1/../../../../arm-none-eabi/lib/thumb/v6-m/nofp/libc_nano.a(libc_a-fwalk.o)
                              /home/ampellicht/st/stm32cubeide_1.16.1/plugins/com.st.stm32cube.ide.mcu.externaltools.gnu-tools-for-stm32.12.3.rel1.linux64_1.0.200.202406132123/tools/bin/../lib/gcc/arm-none-eabi/12.3.1/../../../../arm-none-eabi/lib/thumb/v6-m/nofp/libc_nano.a(libc_a-findfp.o) (_fwalk_sglue)
/home/ampellicht/st/stm32cubeide_1.16.1/plugins/com.st.stm32cube.ide.mcu.externaltools.gnu-tools-for-stm32.12.3.rel1.linux64_1.0.200.202406132123/tools/bin/../lib/gcc/arm-none-eabi/12.3.1/../../../../arm-none-eabi/lib/thumb/v6-m/nofp/libc_nano.a(libc_a-sprintf.o)
                              ./Hardware/src/spi_func_decl.o (sprintf)
/home/ampellicht/st/stm32cubeide_1.16.1/plugins/com.st.stm32cube.ide.mcu.externaltools.gnu-tools-for-stm32.12.3.rel1.linux64_1.0.200.202406132123/tools/bin/../lib/gcc/arm-none-eabi/12.3.1/../../../../arm-none-eabi/lib/thumb/v6-m/nofp/libc_nano.a(libc_a-stdio.o)
                              /home/ampellicht/st/stm32cubeide_1.16.1/plugins/com.st.stm32cube.ide.mcu.externaltools.gnu-tools-for-stm32.12.3.rel1.linux64_1.0.200.202406132123/tools/bin/../lib/gcc/arm-none-eabi/12.3.1/../../../../arm-none-eabi/lib/thumb/v6-m/nofp/libc_nano.a(libc_a-findfp.o) (__sread)
/home/ampellicht/st/stm32cubeide_1.16.1/plugins/com.st.stm32cube.ide.mcu.externaltools.gnu-tools-for-stm32.12.3.rel1.linux64_1.0.200.202406132123/tools/bin/../lib/gcc/arm-none-eabi/12.3.1/../../../../arm-none-eabi/lib/thumb/v6-m/nofp/libc_nano.a(libc_a-memset.o)
                              /home/ampellicht/st/stm32cubeide_1.16.1/plugins/com.st.stm32cube.ide.mcu.externaltools.gnu-tools-for-stm32.12.3.rel1.linux64_1.0.200.202406132123/tools/bin/../lib/gcc/arm-none-eabi/12.3.1/../../../../arm-none-eabi/lib/thumb/v6-m/nofp/crt0.o (memset)
/home/ampellicht/st/stm32cubeide_1.16.1/plugins/com.st.stm32cube.ide.mcu.externaltools.gnu-tools-for-stm32.12.3.rel1.linux64_1.0.200.202406132123/tools/bin/../lib/gcc/arm-none-eabi/12.3.1/../../../../arm-none-eabi/lib/thumb/v6-m/nofp/libc_nano.a(libc_a-closer.o)
                              /home/ampellicht/st/stm32cubeide_1.16.1/plugins/com.st.stm32cube.ide.mcu.externaltools.gnu-tools-for-stm32.12.3.rel1.linux64_1.0.200.202406132123/tools/bin/../lib/gcc/arm-none-eabi/12.3.1/../../../../arm-none-eabi/lib/thumb/v6-m/nofp/libc_nano.a(libc_a-stdio.o) (_close_r)
/home/ampellicht/st/stm32cubeide_1.16.1/plugins/com.st.stm32cube.ide.mcu.externaltools.gnu-tools-for-stm32.12.3.rel1.linux64_1.0.200.202406132123/tools/bin/../lib/gcc/arm-none-eabi/12.3.1/../../../../arm-none-eabi/lib/thumb/v6-m/nofp/libc_nano.a(libc_a-reent.o)
                              /home/ampellicht/st/stm32cubeide_1.16.1/plugins/com.st.stm32cube.ide.mcu.externaltools.gnu-tools-for-stm32.12.3.rel1.linux64_1.0.200.202406132123/tools/bin/../lib/gcc/arm-none-eabi/12.3.1/../../../../arm-none-eabi/lib/thumb/v6-m/nofp/libc_nano.a(libc_a-closer.o) (errno)
/home/ampellicht/st/stm32cubeide_1.16.1/plugins/com.st.stm32cube.ide.mcu.externaltools.gnu-tools-for-stm32.12.3.rel1.linux64_1.0.200.202406132123/tools/bin/../lib/gcc/arm-none-eabi/12.3.1/../../../../arm-none-eabi/lib/thumb/v6-m/nofp/libc_nano.a(libc_a-impure.o)
                              /home/ampellicht/st/stm32cubeide_1.16.1/plugins/com.st.stm32cube.ide.mcu.externaltools.gnu-tools-for-stm32.12.3.rel1.linux64_1.0.200.202406132123/tools/bin/../lib/gcc/arm-none-eabi/12.3.1/../../../../arm-none-eabi/lib/thumb/v6-m/nofp/libc_nano.a(libc_a-sprintf.o) (_impure_ptr)
[...]
Memory Configuration

Name             Origin             Length             Attributes
RAM              0x20000000         0x00009000         xrw
FLASH            0x08000000         0x00020000         xr
*default*        0x00000000         0xffffffff

Linker script and memory map

LOAD /home/ampellicht/st/stm32cubeide_1.16.1/plugins/com.st.stm32cube.ide.mcu.externaltools.gnu-tools-for-stm32.12.3.rel1.linux64_1.0.200.202406132123/tools/bin/../lib/gcc/arm-none-eabi/12.3.1/thumb/v6-m/nofp/crti.o
LOAD /home/ampellicht/st/stm32cubeide_1.16.1/plugins/com.st.stm32cube.ide.mcu.externaltools.gnu-tools-for-stm32.12.3.rel1.linux64_1.0.200.202406132123/tools/bin/../lib/gcc/arm-none-eabi/12.3.1/thumb/v6-m/nofp/crtbegin.o
LOAD /home/ampellicht/st/stm32cubeide_1.16.1/plugins/com.st.stm32cube.ide.mcu.externaltools.gnu-tools-for-stm32.12.3.rel1.linux64_1.0.200.202406132123/tools/bin/../lib/gcc/arm-none-eabi/12.3.1/../../../../arm-none-eabi/lib/thumb/v6-m/nofp/crt0.o
LOAD ./Core/Src/main.o
LOAD ./Core/Src/stm32g0xx_hal_msp.o
LOAD ./Core/Src/stm32g0xx_it.o
LOAD ./Core/Src/syscalls.o
LOAD ./Core/Src/sysmem.o
LOAD ./Core/Src/system_stm32g0xx.o
LOAD ./Core/Startup/startup_stm32g070rbtx.o
LOAD ./Drivers/STM32G0xx_HAL_Driver/Src/stm32g0xx_hal.o
LOAD ./Drivers/STM32G0xx_HAL_Driver/Src/stm32g0xx_hal_cortex.o
LOAD ./Drivers/STM32G0xx_HAL_Driver/Src/stm32g0xx_hal_dma.o
LOAD ./Drivers/STM32G0xx_HAL_Driver/Src/stm32g0xx_hal_dma_ex.o
LOAD ./Drivers/STM32G0xx_HAL_Driver/Src/stm32g0xx_hal_exti.o
LOAD ./Drivers/STM32G0xx_HAL_Driver/Src/stm32g0xx_hal_flash.o
LOAD ./Drivers/STM32G0xx_HAL_Driver/Src/stm32g0xx_hal_flash_ex.o
LOAD ./Drivers/STM32G0xx_HAL_Driver/Src/stm32g0xx_hal_gpio.o
LOAD ./Drivers/STM32G0xx_HAL_Driver/Src/stm32g0xx_hal_i2c.o
LOAD ./Drivers/STM32G0xx_HAL_Driver/Src/stm32g0xx_hal_i2c_ex.o
LOAD ./Drivers/STM32G0xx_HAL_Driver/Src/stm32g0xx_hal_pwr.o
LOAD ./Drivers/STM32G0xx_HAL_Driver/Src/stm32g0xx_hal_pwr_ex.o
LOAD ./Drivers/STM32G0xx_HAL_Driver/Src/stm32g0xx_hal_rcc.o
LOAD ./Drivers/STM32G0xx_HAL_Driver/Src/stm32g0xx_hal_rcc_ex.o
LOAD ./Drivers/STM32G0xx_HAL_Driver/Src/stm32g0xx_hal_spi.o
LOAD ./Drivers/STM32G0xx_HAL_Driver/Src/stm32g0xx_hal_spi_ex.o
LOAD ./Drivers/STM32G0xx_HAL_Driver/Src/stm32g0xx_hal_tim.o
LOAD ./Drivers/STM32G0xx_HAL_Driver/Src/stm32g0xx_hal_tim_ex.o
LOAD ./Drivers/STM32G0xx_HAL_Driver/Src/stm32g0xx_hal_uart.o
LOAD ./Drivers/STM32G0xx_HAL_Driver/Src/stm32g0xx_hal_uart_ex.o
LOAD ./Drivers/STM32G0xx_HAL_Driver/Src/stm32g0xx_ll_rcc.o
LOAD ./Hardware/src/i2c_func_decl.o
LOAD ./Hardware/src/ov2640_regs.o
LOAD ./Hardware/src/spi_func_decl.o
START GROUP
LOAD /home/ampellicht/st/stm32cubeide_1.16.1/plugins/com.st.stm32cube.ide.mcu.externaltools.gnu-tools-for-stm32.12.3.rel1.linux64_1.0.200.202406132123/tools/bin/../lib/gcc/arm-none-eabi/12.3.1/../../../../arm-none-eabi/lib/thumb/v6-m/nofp/libc_nano.a
LOAD /home/ampellicht/st/stm32cubeide_1.16.1/plugins/com.st.stm32cube.ide.mcu.externaltools.gnu-tools-for-stm32.12.3.rel1.linux64_1.0.200.202406132123/tools/bin/../lib/gcc/arm-none-eabi/12.3.1/../../../../arm-none-eabi/lib/thumb/v6-m/nofp/libm.a
END GROUP
START GROUP
LOAD /home/ampellicht/st/stm32cubeide_1.16.1/plugins/com.st.stm32cube.ide.mcu.externaltools.gnu-tools-for-stm32.12.3.rel1.linux64_1.0.200.202406132123/tools/bin/../lib/gcc/arm-none-eabi/12.3.1/thumb/v6-m/nofp/libgcc.a
LOAD /home/ampellicht/st/stm32cubeide_1.16.1/plugins/com.st.stm32cube.ide.mcu.externaltools.gnu-tools-for-stm32.12.3.rel1.linux64_1.0.200.202406132123/tools/bin/../lib/gcc/arm-none-eabi/12.3.1/../../../../arm-none-eabi/lib/thumb/v6-m/nofp/libc_nano.a
END GROUP
START GROUP
LOAD /home/ampellicht/st/stm32cubeide_1.16.1/plugins/com.st.stm32cube.ide.mcu.externaltools.gnu-tools-for-stm32.12.3.rel1.linux64_1.0.200.202406132123/tools/bin/../lib/gcc/arm-none-eabi/12.3.1/thumb/v6-m/nofp/libgcc.a
LOAD /home/ampellicht/st/stm32cubeide_1.16.1/plugins/com.st.stm32cube.ide.mcu.externaltools.gnu-tools-for-stm32.12.3.rel1.linux64_1.0.200.202406132123/tools/bin/../lib/gcc/arm-none-eabi/12.3.1/../../../../arm-none-eabi/lib/thumb/v6-m/nofp/libc_nano.a
LOAD /home/ampellicht/st/stm32cubeide_1.16.1/plugins/com.st.stm32cube.ide.mcu.externaltools.gnu-tools-for-stm32.12.3.rel1.linux64_1.0.200.202406132123/tools/bin/../lib/gcc/arm-none-eabi/12.3.1/../../../../arm-none-eabi/lib/thumb/v6-m/nofp/libnosys.a
END GROUP
START GROUP
LOAD /home/ampellicht/st/stm32cubeide_1.16.1/plugins/com.st.stm32cube.ide.mcu.externaltools.gnu-tools-for-stm32.12.3.rel1.linux64_1.0.200.202406132123/tools/bin/../lib/gcc/arm-none-eabi/12.3.1/thumb/v6-m/nofp/libgcc.a
LOAD /home/ampellicht/st/stm32cubeide_1.16.1/plugins/com.st.stm32cube.ide.mcu.externaltools.gnu-tools-for-stm32.12.3.rel1.linux64_1.0.200.202406132123/tools/bin/../lib/gcc/arm-none-eabi/12.3.1/../../../../arm-none-eabi/lib/thumb/v6-m/nofp/libc_nano.a
LOAD /home/ampellicht/st/stm32cubeide_1.16.1/plugins/com.st.stm32cube.ide.mcu.externaltools.gnu-tools-for-stm32.12.3.rel1.linux64_1.0.200.202406132123/tools/bin/../lib/gcc/arm-none-eabi/12.3.1/../../../../arm-none-eabi/lib/thumb/v6-m/nofp/libnosys.a
END GROUP
LOAD /home/ampellicht/st/stm32cubeide_1.16.1/plugins/com.st.stm32cube.ide.mcu.externaltools.gnu-tools-for-stm32.12.3.rel1.linux64_1.0.200.202406132123/tools/bin/../lib/gcc/arm-none-eabi/12.3.1/thumb/v6-m/nofp/crtend.o
LOAD /home/ampellicht/st/stm32cubeide_1.16.1/plugins/com.st.stm32cube.ide.mcu.externaltools.gnu-tools-for-stm32.12.3.rel1.linux64_1.0.200.202406132123/tools/bin/../lib/gcc/arm-none-eabi/12.3.1/thumb/v6-m/nofp/crtn.o
                0x20009000                        _estack = (ORIGIN (RAM) + LENGTH (RAM))
                0x00000200                        _Min_Heap_Size = 0x200
                0x00000400                        _Min_Stack_Size = 0x400

.isr_vector     0x08000000       0xb8
                0x08000000                        . = ALIGN (0x4)
 *(.isr_vector)
 .isr_vector    0x08000000       0xb8 ./Core/Startup/startup_stm32g070rbtx.o
                0x08000000                g_pfnVectors
                0x080000b8                        . = ALIGN (0x4)

.text           0x080000b8     0x53a0
                0x080000b8                        . = ALIGN (0x4)
 *(.text)
 .text          0x080000b8       0x48 /home/ampellicht/st/stm32cubeide_1.16.1/plugins/com.st.stm32cube.ide.mcu.externaltools.gnu-tools-for-stm32.12.3.rel1.linux64_1.0.200.202406132123/tools/bin/../lib/gcc/arm-none-eabi/12.3.1/thumb/v6-m/nofp/crtbegin.o
 .text          0x08000100       0x14 /home/ampellicht/st/stm32cubeide_1.16.1/plugins/com.st.stm32cube.ide.mcu.externaltools.gnu-tools-for-stm32.12.3.rel1.linux64_1.0.200.202406132123/tools/bin/../lib/gcc/arm-none-eabi/12.3.1/thumb/v6-m/nofp/libgcc.a(_thumb1_case_shi.o)
                0x08000100                __gnu_thumb1_case_shi
 .text          0x08000114      0x114 /home/ampellicht/st/stm32cubeide_1.16.1/plugins/com.st.stm32cube.ide.mcu.externaltools.gnu-tools-for-stm32.12.3.rel1.linux64_1.0.200.202406132123/tools/bin/../lib/gcc/arm-none-eabi/12.3.1/thumb/v6-m/nofp/libgcc.a(_udivsi3.o)
                0x08000114                __udivsi3
                0x08000114                __aeabi_uidiv
                0x08000220                __aeabi_uidivmod
 .text          0x08000228      0x1d4 /home/ampellicht/st/stm32cubeide_1.16.1/plugins/com.st.stm32cube.ide.mcu.externaltools.gnu-tools-for-stm32.12.3.rel1.linux64_1.0.200.202406132123/tools/bin/../lib/gcc/arm-none-eabi/12.3.1/thumb/v6-m/nofp/libgcc.a(_divsi3.o)
                0x08000228                __aeabi_idiv
                0x08000228                __divsi3
                0x080003f4                __aeabi_idivmod
 .text          0x080003fc        0x4 /home/ampellicht/st/stm32cubeide_1.16.1/plugins/com.st.stm32cube.ide.mcu.externaltools.gnu-tools-for-stm32.12.3.rel1.linux64_1.0.200.202406132123/tools/bin/../lib/gcc/arm-none-eabi/12.3.1/thumb/v6-m/nofp/libgcc.a(_dvmd_tls.o)
                0x080003fc                __aeabi_ldiv0
                0x080003fc                __aeabi_idiv0
 *(.text*)
 .text.main     0x08000400       0x4c ./Core/Src/main.o
                0x08000400                main
 .text.SystemClock_Config
                0x0800044c       0x90 ./Core/Src/main.o
                0x0800044c                SystemClock_Config
 .text.MX_I2C1_Init
                0x080004dc       0x80 ./Core/Src/main.o
 .text.MX_SPI2_Init
                0x0800055c       0x7c ./Core/Src/main.o
 .text.MX_TIM6_Init
                0x080005d8       0x78 ./Core/Src/main.o
 .text.MX_USART2_UART_Init
                0x08000650       0x9c ./Core/Src/main.o
 .text.MX_GPIO_Init
                0x080006ec       0xc8 ./Core/Src/main.o
 .text.Error_Handler
                0x080007b4        0xc ./Core/Src/main.o
                0x080007b4                Error_Handler
 .text.HAL_MspInit
                0x080007c0       0x48 ./Core/Src/stm32g0xx_hal_msp.o
                0x080007c0                HAL_MspInit
 .text.HAL_I2C_MspInit
                0x08000808       0xc4 ./Core/Src/stm32g0xx_hal_msp.o
                0x08000808                HAL_I2C_MspInit
 .text.HAL_SPI_MspInit
                0x080008cc       0xdc ./Core/Src/stm32g0xx_hal_msp.o
                0x080008cc                HAL_SPI_MspInit
 .text.HAL_TIM_Base_MspInit
                0x080009a8       0x3c ./Core/Src/stm32g0xx_hal_msp.o
                0x080009a8                HAL_TIM_Base_MspInit
 .text.HAL_UART_MspInit
                0x080009e4       0xc0 ./Core/Src/stm32g0xx_hal_msp.o
                0x080009e4                HAL_UART_MspInit
 .text.NMI_Handler
                0x08000aa4        0x8 ./Core/Src/stm32g0xx_it.o
                0x08000aa4                NMI_Handler
 .text.HardFault_Handler
                0x08000aac        0x8 ./Core/Src/stm32g0xx_it.o
                0x08000aac                HardFault_Handler
 .text.SVC_Handler
                0x08000ab4        0xa ./Core/Src/stm32g0xx_it.o
                0x08000ab4                SVC_Handler
 .text.PendSV_Handler
                0x08000abe        0xa ./Core/Src/stm32g0xx_it.o
                0x08000abe                PendSV_Handler
 .text.SysTick_Handler
                0x08000ac8        0xe ./Core/Src/stm32g0xx_it.o
                0x08000ac8                SysTick_Handler
 *fill*         0x08000ad6        0x2 
 .text._sbrk    0x08000ad8       0x6c ./Core/Src/sysmem.o
                0x08000ad8                _sbrk
 .text.SystemInit
                0x08000b44        0xa ./Core/Src/system_stm32g0xx.o
                0x08000b44                SystemInit
 *fill*         0x08000b4e        0x2 
 .text.Reset_Handler
                0x08000b50       0x50 ./Core/Startup/startup_stm32g070rbtx.o
                0x08000b50                Reset_Handler
 .text.Default_Handler
                0x08000ba0        0x2 ./Core/Startup/startup_stm32g070rbtx.o
                0x08000ba0                TIM1_CC_IRQHandler
                0x08000ba0                TIM6_IRQHandler
                0x08000ba0                I2C1_IRQHandler
                0x08000ba0                RTC_TAMP_IRQHandler
                0x08000ba0                SPI1_IRQHandler
                0x08000ba0                USART3_4_IRQHandler
                0x08000ba0                EXTI2_3_IRQHandler
                0x08000ba0                ADC1_IRQHandler
                0x08000ba0                I2C2_IRQHandler
                0x08000ba0                TIM17_IRQHandler
                0x08000ba0                TIM16_IRQHandler
                0x08000ba0                TIM3_IRQHandler
                0x08000ba0                EXTI4_15_IRQHandler
                0x08000ba0                RCC_IRQHandler
                0x08000ba0                DMA1_Channel1_IRQHandler
                0x08000ba0                Default_Handler
                0x08000ba0                TIM14_IRQHandler
                0x08000ba0                TIM7_IRQHandler
                0x08000ba0                TIM15_IRQHandler
                0x08000ba0                EXTI0_1_IRQHandler
                0x08000ba0                SPI2_IRQHandler
                0x08000ba0                WWDG_IRQHandler
                0x08000ba0                DMA1_Ch4_7_DMAMUX1_OVR_IRQHandler
                0x08000ba0                DMA1_Channel2_3_IRQHandler
                0x08000ba0                USART2_IRQHandler
                0x08000ba0                FLASH_IRQHandler
                0x08000ba0                USART1_IRQHandler
                0x08000ba0                TIM1_BRK_UP_TRG_COM_IRQHandler
 *fill*         0x08000ba2        0x2 
 .text.HAL_Init
                0x08000ba4       0x40 ./Drivers/STM32G0xx_HAL_Driver/Src/stm32g0xx_hal.o
                0x08000ba4                HAL_Init
 .text.HAL_InitTick
                0x08000be4       0x94 ./Drivers/STM32G0xx_HAL_Driver/Src/stm32g0xx_hal.o
                0x08000be4                HAL_InitTick
 .text.HAL_IncTick
                0x08000c78       0x24 ./Drivers/STM32G0xx_HAL_Driver/Src/stm32g0xx_hal.o
                0x08000c78                HAL_IncTick
 .text.HAL_GetTick
                0x08000c9c       0x14 ./Drivers/STM32G0xx_HAL_Driver/Src/stm32g0xx_hal.o
                0x08000c9c                HAL_GetTick
 .text.HAL_Delay
                0x08000cb0       0x48 ./Drivers/STM32G0xx_HAL_Driver/Src/stm32g0xx_hal.o
                0x08000cb0                HAL_Delay
 .text.__NVIC_SetPriority
                0x08000cf8       0xdc ./Drivers/STM32G0xx_HAL_Driver/Src/stm32g0xx_hal_cortex.o
 .text.SysTick_Config
                0x08000dd4       0x48 ./Drivers/STM32G0xx_HAL_Driver/Src/stm32g0xx_hal_cortex.o
 .text.HAL_NVIC_SetPriority
                0x08000e1c       0x2a ./Drivers/STM32G0xx_HAL_Driver/Src/stm32g0xx_hal_cortex.o
                0x08000e1c                HAL_NVIC_SetPriority
 .text.HAL_SYSTICK_Config
                0x08000e46       0x1a ./Drivers/STM32G0xx_HAL_Driver/Src/stm32g0xx_hal_cortex.o
                0x08000e46                HAL_SYSTICK_Config
 .text.HAL_GPIO_Init
                0x08000e60      0x2c8 ./Drivers/STM32G0xx_HAL_Driver/Src/stm32g0xx_hal_gpio.o
                0x08000e60                HAL_GPIO_Init
 .text.HAL_GPIO_ReadPin
                0x08001128       0x3a ./Drivers/STM32G0xx_HAL_Driver/Src/stm32g0xx_hal_gpio.o
                0x08001128                HAL_GPIO_ReadPin
 .text.HAL_GPIO_WritePin
                0x08001162       0x3a ./Drivers/STM32G0xx_HAL_Driver/Src/stm32g0xx_hal_gpio.o
                0x08001162                HAL_GPIO_WritePin
 .text.HAL_I2C_Init
                0x0800119c      0x14c ./Drivers/STM32G0xx_HAL_Driver/Src/stm32g0xx_hal_i2c.o
                0x0800119c                HAL_I2C_Init
 .text.HAL_I2C_Mem_Write
                0x080012e8      0x25c ./Drivers/STM32G0xx_HAL_Driver/Src/stm32g0xx_hal_i2c.o
                0x080012e8                HAL_I2C_Mem_Write
 .text.I2C_RequestMemoryWrite
                0x08001544       0xc8 ./Drivers/STM32G0xx_HAL_Driver/Src/stm32g0xx_hal_i2c.o
 .text.I2C_Flush_TXDR
                0x0800160c       0x44 ./Drivers/STM32G0xx_HAL_Driver/Src/stm32g0xx_hal_i2c.o
 .text.I2C_WaitOnFlagUntilTimeout
                0x08001650       0xb0 ./Drivers/STM32G0xx_HAL_Driver/Src/stm32g0xx_hal_i2c.o
 .text.I2C_WaitOnTXISFlagUntilTimeout
                0x08001700       0x8c ./Drivers/STM32G0xx_HAL_Driver/Src/stm32g0xx_hal_i2c.o
 .text.I2C_WaitOnSTOPFlagUntilTimeout
                0x0800178c       0x86 ./Drivers/STM32G0xx_HAL_Driver/Src/stm32g0xx_hal_i2c.o
 *fill*         0x08001812        0x2 
 .text.I2C_IsErrorOccurred
                0x08001814      0x1f0 ./Drivers/STM32G0xx_HAL_Driver/Src/stm32g0xx_hal_i2c.o
 .text.I2C_TransferConfig
                0x08001a04       0x74 ./Drivers/STM32G0xx_HAL_Driver/Src/stm32g0xx_hal_i2c.o
 .text.HAL_I2CEx_ConfigAnalogFilter
                0x08001a78       0x98 ./Drivers/STM32G0xx_HAL_Driver/Src/stm32g0xx_hal_i2c_ex.o
                0x08001a78                HAL_I2CEx_ConfigAnalogFilter
 .text.HAL_I2CEx_ConfigDigitalFilter
                0x08001b10       0x98 ./Drivers/STM32G0xx_HAL_Driver/Src/stm32g0xx_hal_i2c_ex.o
                0x08001b10                HAL_I2CEx_ConfigDigitalFilter
 .text.HAL_PWREx_ControlVoltageScaling
                0x08001ba8       0x80 ./Drivers/STM32G0xx_HAL_Driver/Src/stm32g0xx_hal_pwr_ex.o
                0x08001ba8                HAL_PWREx_ControlVoltageScaling
 .text.LL_RCC_GetAPB1Prescaler
                0x08001c28       0x18 ./Drivers/STM32G0xx_HAL_Driver/Src/stm32g0xx_hal_rcc.o
 .text.HAL_RCC_OscConfig
                0x08001c40      0x620 ./Drivers/STM32G0xx_HAL_Driver/Src/stm32g0xx_hal_rcc.o
                0x08001c40                HAL_RCC_OscConfig
 .text.HAL_RCC_ClockConfig
                0x08002260      0x210 ./Drivers/STM32G0xx_HAL_Driver/Src/stm32g0xx_hal_rcc.o
                0x08002260                HAL_RCC_ClockConfig
 .text.HAL_RCC_GetSysClockFreq
                0x08002470      0x104 ./Drivers/STM32G0xx_HAL_Driver/Src/stm32g0xx_hal_rcc.o
                0x08002470                HAL_RCC_GetSysClockFreq
 .text.HAL_RCC_GetHCLKFreq
                0x08002574       0x14 ./Drivers/STM32G0xx_HAL_Driver/Src/stm32g0xx_hal_rcc.o
                0x08002574                HAL_RCC_GetHCLKFreq
 .text.HAL_RCC_GetPCLK1Freq
                0x08002588       0x2c ./Drivers/STM32G0xx_HAL_Driver/Src/stm32g0xx_hal_rcc.o
                0x08002588                HAL_RCC_GetPCLK1Freq
 .text.HAL_RCCEx_PeriphCLKConfig
                0x080025b4      0x268 ./Drivers/STM32G0xx_HAL_Driver/Src/stm32g0xx_hal_rcc_ex.o
                0x080025b4                HAL_RCCEx_PeriphCLKConfig
 .text.HAL_SPI_Init
                0x0800281c      0x170 ./Drivers/STM32G0xx_HAL_Driver/Src/stm32g0xx_hal_spi.o
                0x0800281c                HAL_SPI_Init
 .text.HAL_SPI_Transmit
                0x0800298c      0x2be ./Drivers/STM32G0xx_HAL_Driver/Src/stm32g0xx_hal_spi.o
                0x0800298c                HAL_SPI_Transmit
 *fill*         0x08002c4a        0x2 
 .text.HAL_SPI_Receive
                0x08002c4c      0x2a4 ./Drivers/STM32G0xx_HAL_Driver/Src/stm32g0xx_hal_spi.o
                0x08002c4c                HAL_SPI_Receive
 .text.HAL_SPI_TransmitReceive
                0x08002ef0      0x3c4 ./Drivers/STM32G0xx_HAL_Driver/Src/stm32g0xx_hal_spi.o
                0x08002ef0                HAL_SPI_TransmitReceive
 .text.SPI_WaitFlagStateUntilTimeout
                0x080032b4      0x11c ./Drivers/STM32G0xx_HAL_Driver/Src/stm32g0xx_hal_spi.o
 .text.SPI_WaitFifoStateUntilTimeout
                0x080033d0      0x144 ./Drivers/STM32G0xx_HAL_Driver/Src/stm32g0xx_hal_spi.o
 .text.SPI_EndRxTransaction
                0x08003514       0xbc ./Drivers/STM32G0xx_HAL_Driver/Src/stm32g0xx_hal_spi.o
 .text.SPI_EndRxTxTransaction
                0x080035d0       0x8c ./Drivers/STM32G0xx_HAL_Driver/Src/stm32g0xx_hal_spi.o
 .text.HAL_TIM_Base_Init
                0x0800365c       0xb0 ./Drivers/STM32G0xx_HAL_Driver/Src/stm32g0xx_hal_tim.o
                0x0800365c                HAL_TIM_Base_Init
 .text.HAL_TIM_Base_Start
                0x0800370c       0x9c ./Drivers/STM32G0xx_HAL_Driver/Src/stm32g0xx_hal_tim.o
                0x0800370c                HAL_TIM_Base_Start
 .text.TIM_Base_SetConfig
                0x080037a8      0x108 ./Drivers/STM32G0xx_HAL_Driver/Src/stm32g0xx_hal_tim.o
                0x080037a8                TIM_Base_SetConfig
 .text.HAL_TIMEx_MasterConfigSynchronization
                0x080038b0       0xd0 ./Drivers/STM32G0xx_HAL_Driver/Src/stm32g0xx_hal_tim_ex.o
                0x080038b0                HAL_TIMEx_MasterConfigSynchronization
 .text.HAL_UART_Init
                0x08003980       0xac ./Drivers/STM32G0xx_HAL_Driver/Src/stm32g0xx_hal_uart.o
                0x08003980                HAL_UART_Init
 .text.HAL_UART_Transmit
                0x08003a2c      0x148 ./Drivers/STM32G0xx_HAL_Driver/Src/stm32g0xx_hal_uart.o
                0x08003a2c                HAL_UART_Transmit
 .text.UART_SetConfig
                0x08003b74      0x348 ./Drivers/STM32G0xx_HAL_Driver/Src/stm32g0xx_hal_uart.o
                0x08003b74                UART_SetConfig
 .text.UART_AdvFeatureConfig
                0x08003ebc      0x168 ./Drivers/STM32G0xx_HAL_Driver/Src/stm32g0xx_hal_uart.o
                0x08003ebc                UART_AdvFeatureConfig
 .text.UART_CheckIdleState
                0x08004024      0x154 ./Drivers/STM32G0xx_HAL_Driver/Src/stm32g0xx_hal_uart.o
                0x08004024                UART_CheckIdleState
 .text.UART_WaitOnFlagUntilTimeout
                0x08004178       0xde ./Drivers/STM32G0xx_HAL_Driver/Src/stm32g0xx_hal_uart.o
                0x08004178                UART_WaitOnFlagUntilTimeout
 *fill*         0x08004256        0x2 
 .text.UART_EndRxTransfer
                0x08004258       0xcc ./Drivers/STM32G0xx_HAL_Driver/Src/stm32g0xx_hal_uart.o
 .text.HAL_UARTEx_DisableFifoMode
                0x08004324       0x74 ./Drivers/STM32G0xx_HAL_Driver/Src/stm32g0xx_hal_uart_ex.o
                0x08004324                HAL_UARTEx_DisableFifoMode
 .text.HAL_UARTEx_SetTxFifoThreshold
                0x08004398       0x7e ./Drivers/STM32G0xx_HAL_Driver/Src/stm32g0xx_hal_uart_ex.o
                0x08004398                HAL_UARTEx_SetTxFifoThreshold
 *fill*         0x08004416        0x2 
 .text.HAL_UARTEx_SetRxFifoThreshold
                0x08004418       0x84 ./Drivers/STM32G0xx_HAL_Driver/Src/stm32g0xx_hal_uart_ex.o
                0x08004418                HAL_UARTEx_SetRxFifoThreshold
 .text.UARTEx_SetNbDataToProcess
                0x0800449c       0xbc ./Drivers/STM32G0xx_HAL_Driver/Src/stm32g0xx_hal_uart_ex.o
 .text.delay_us
                0x08004558       0x2c ./Hardware/src/i2c_func_decl.o
                0x08004558                delay_us
 .text.i2c_send
                0x08004584       0x44 ./Hardware/src/i2c_func_decl.o
                0x08004584                i2c_send
 .text.ov2640_init
                0x080045c8       0x38 ./Hardware/src/i2c_func_decl.o
                0x080045c8                ov2640_init
 .text.ov2640_config
                0x08004600       0x30 ./Hardware/src/i2c_func_decl.o
                0x08004600                ov2640_config
 .text.ov2640_config_bulk
                0x08004630       0x4a ./Hardware/src/i2c_func_decl.o
                0x08004630                ov2640_config_bulk
 *fill*         0x0800467a        0x2 
 .text.i2c_config
                0x0800467c       0x58 ./Hardware/src/i2c_func_decl.o
                0x0800467c                i2c_config
 .text.bus_read
                0x080046d4       0x5c ./Hardware/src/spi_func_decl.o
                0x080046d4                bus_read
 .text.bus_write
                0x08004730       0x6c ./Hardware/src/spi_func_decl.o
                0x08004730                bus_write
 .text.read_reg
                0x0800479c       0x30 ./Hardware/src/spi_func_decl.o
                0x0800479c                read_reg
 .text.write_reg
                0x080047cc       0x32 ./Hardware/src/spi_func_decl.o
                0x080047cc                write_reg
 *fill*         0x080047fe        0x2 
 .text.spi_readwritebyte
                0x08004800       0xb8 ./Hardware/src/spi_func_decl.o
                0x08004800                spi_readwritebyte
 .text.flush_fifo
                0x080048b8       0x2c ./Hardware/src/spi_func_decl.o
                0x080048b8                flush_fifo
 .text.clear_fifo_flag
                0x080048e4       0x12 ./Hardware/src/spi_func_decl.o
                0x080048e4                clear_fifo_flag
 .text.start_capture
                0x080048f6       0x12 ./Hardware/src/spi_func_decl.o
                0x080048f6                start_capture
 .text.get_bit  0x08004908       0x40 ./Hardware/src/spi_func_decl.o
                0x08004908                get_bit
 .text.read_fifo_length
                0x08004948       0x4c ./Hardware/src/spi_func_decl.o
                0x08004948                read_fifo_length
 .text.set_fifo_burst
                0x08004994       0x2c ./Hardware/src/spi_func_decl.o
                0x08004994                set_fifo_burst
 .text.ov2640_capture
                0x080049c0       0xc8 ./Hardware/src/spi_func_decl.o
                0x080049c0                ov2640_capture
 .text.send_pic
                0x08004a88       0x3c ./Hardware/src/spi_func_decl.o
                0x08004a88                send_pic
 .text.debug_spi_func
                0x08004ac4       0x40 ./Hardware/src/spi_func_decl.o
                0x08004ac4                debug_spi_func
 .text.sprintf  0x08004b04       0x40 /home/ampellicht/st/stm32cubeide_1.16.1/plugins/com.st.stm32cube.ide.mcu.externaltools.gnu-tools-for-stm32.12.3.rel1.linux64_1.0.200.202406132123/tools/bin/../lib/gcc/arm-none-eabi/12.3.1/../../../../arm-none-eabi/lib/thumb/v6-m/nofp/libc_nano.a(libc_a-sprintf.o)
                0x08004b04                sprintf
                0x08004b04                siprintf
 .text.memset   0x08004b44       0x10 /home/ampellicht/st/stm32cubeide_1.16.1/plugins/com.st.stm32cube.ide.mcu.externaltools.gnu-tools-for-stm32.12.3.rel1.linux64_1.0.200.202406132123/tools/bin/../lib/gcc/arm-none-eabi/12.3.1/../../../../arm-none-eabi/lib/thumb/v6-m/nofp/libc_nano.a(libc_a-memset.o)
                0x08004b44                memset
 .text.__errno  0x08004b54        0xc /home/ampellicht/st/stm32cubeide_1.16.1/plugins/com.st.stm32cube.ide.mcu.externaltools.gnu-tools-for-stm32.12.3.rel1.linux64_1.0.200.202406132123/tools/bin/../lib/gcc/arm-none-eabi/12.3.1/../../../../arm-none-eabi/lib/thumb/v6-m/nofp/libc_nano.a(libc_a-errno.o)
                0x08004b54                __errno
 .text.__libc_init_array
                0x08004b60       0x48 /home/ampellicht/st/stm32cubeide_1.16.1/plugins/com.st.stm32cube.ide.mcu.externaltools.gnu-tools-for-stm32.12.3.rel1.linux64_1.0.200.202406132123/tools/bin/../lib/gcc/arm-none-eabi/12.3.1/../../../../arm-none-eabi/lib/thumb/v6-m/nofp/libc_nano.a(libc_a-init.o)
                0x08004b60                __libc_init_array
 .text.__retarget_lock_acquire_recursive
                0x08004ba8        0x2 /home/ampellicht/st/stm32cubeide_1.16.1/plugins/com.st.stm32cube.ide.mcu.externaltools.gnu-tools-for-stm32.12.3.rel1.linux64_1.0.200.202406132123/tools/bin/../lib/gcc/arm-none-eabi/12.3.1/../../../../arm-none-eabi/lib/thumb/v6-m/nofp/libc_nano.a(libc_a-lock.o)
                0x08004ba8                __retarget_lock_acquire_recursive
 .text.__retarget_lock_release_recursive
                0x08004baa        0x2 /home/ampellicht/st/stm32cubeide_1.16.1/plugins/com.st.stm32cube.ide.mcu.externaltools.gnu-tools-for-stm32.12.3.rel1.linux64_1.0.200.202406132123/tools/bin/../lib/gcc/arm-none-eabi/12.3.1/../../../../arm-none-eabi/lib/thumb/v6-m/nofp/libc_nano.a(libc_a-lock.o)
                0x08004baa                __retarget_lock_release_recursive
 .text._free_r  0x08004bac       0x94 /home/ampellicht/st/stm32cubeide_1.16.1/plugins/com.st.stm32cube.ide.mcu.externaltools.gnu-tools-for-stm32.12.3.rel1.linux64_1.0.200.202406132123/tools/bin/../lib/gcc/arm-none-eabi/12.3.1/../../../../arm-none-eabi/lib/thumb/v6-m/nofp/libc_nano.a(libc_a-freer.o)
                0x08004bac                _free_r
 .text.sbrk_aligned
                0x08004c40       0x44 /home/ampellicht/st/stm32cubeide_1.16.1/plugins/com.st.stm32cube.ide.mcu.externaltools.gnu-tools-for-stm32.12.3.rel1.linux64_1.0.200.202406132123/tools/bin/../lib/gcc/arm-none-eabi/12.3.1/../../../../arm-none-eabi/lib/thumb/v6-m/nofp/libc_nano.a(libc_a-mallocr.o)
 .text._malloc_r
                0x08004c84      0x100 /home/ampellicht/st/stm32cubeide_1.16.1/plugins/com.st.stm32cube.ide.mcu.externaltools.gnu-tools-for-stm32.12.3.rel1.linux64_1.0.200.202406132123/tools/bin/../lib/gcc/arm-none-eabi/12.3.1/../../../../arm-none-eabi/lib/thumb/v6-m/nofp/libc_nano.a(libc_a-mallocr.o)
                0x08004c84                _malloc_r
 .text.__malloc_lock
                0x08004d84       0x10 /home/ampellicht/st/stm32cubeide_1.16.1/plugins/com.st.stm32cube.ide.mcu.externaltools.gnu-tools-for-stm32.12.3.rel1.linux64_1.0.200.202406132123/tools/bin/../lib/gcc/arm-none-eabi/12.3.1/../../../../arm-none-eabi/lib/thumb/v6-m/nofp/libc_nano.a(libc_a-mlock.o)
                0x08004d84                __malloc_lock
 .text.__malloc_unlock
                0x08004d94       0x10 /home/ampellicht/st/stm32cubeide_1.16.1/plugins/com.st.stm32cube.ide.mcu.externaltools.gnu-tools-for-stm32.12.3.rel1.linux64_1.0.200.202406132123/tools/bin/../lib/gcc/arm-none-eabi/12.3.1/../../../../arm-none-eabi/lib/thumb/v6-m/nofp/libc_nano.a(libc_a-mlock.o)
                0x08004d94                __malloc_unlock
 .text.__ssputs_r
                0x08004da4       0xc0 /home/ampellicht/st/stm32cubeide_1.16.1/plugins/com.st.stm32cube.ide.mcu.externaltools.gnu-tools-for-stm32.12.3.rel1.linux64_1.0.200.202406132123/tools/bin/../lib/gcc/arm-none-eabi/12.3.1/../../../../arm-none-eabi/lib/thumb/v6-m/nofp/libc_nano.a(libc_a-nano-svfprintf.o)
                0x08004da4                __ssputs_r
 .text._svfprintf_r
                0x08004e64      0x1fc /home/ampellicht/st/stm32cubeide_1.16.1/plugins/com.st.stm32cube.ide.mcu.externaltools.gnu-tools-for-stm32.12.3.rel1.linux64_1.0.200.202406132123/tools/bin/../lib/gcc/arm-none-eabi/12.3.1/../../../../arm-none-eabi/lib/thumb/v6-m/nofp/libc_nano.a(libc_a-nano-svfprintf.o)
                0x08004e64                _svfprintf_r
                0x08004e64                _svfiprintf_r
 .text._printf_common
                0x08005060       0xde /home/ampellicht/st/stm32cubeide_1.16.1/plugins/com.st.stm32cube.ide.mcu.externaltools.gnu-tools-for-stm32.12.3.rel1.linux64_1.0.200.202406132123/tools/bin/../lib/gcc/arm-none-eabi/12.3.1/../../../../arm-none-eabi/lib/thumb/v6-m/nofp/libc_nano.a(libc_a-nano-vfprintf_i.o)
                0x08005060                _printf_common
 *fill*         0x0800513e        0x2 
 .text._printf_i
                0x08005140      0x21c /home/ampellicht/st/stm32cubeide_1.16.1/plugins/com.st.stm32cube.ide.mcu.externaltools.gnu-tools-for-stm32.12.3.rel1.linux64_1.0.200.202406132123/tools/bin/../lib/gcc/arm-none-eabi/12.3.1/../../../../arm-none-eabi/lib/thumb/v6-m/nofp/libc_nano.a(libc_a-nano-vfprintf_i.o)
                0x08005140                _printf_i
 .text.memmove  0x0800535c       0x26 /home/ampellicht/st/stm32cubeide_1.16.1/plugins/com.st.stm32cube.ide.mcu.externaltools.gnu-tools-for-stm32.12.3.rel1.linux64_1.0.200.202406132123/tools/bin/../lib/gcc/arm-none-eabi/12.3.1/../../../../arm-none-eabi/lib/thumb/v6-m/nofp/libc_nano.a(libc_a-memmove.o)
                0x0800535c                memmove
 *fill*         0x08005382        0x2 
 .text._sbrk_r  0x08005384       0x24 /home/ampellicht/st/stm32cubeide_1.16.1/plugins/com.st.stm32cube.ide.mcu.externaltools.gnu-tools-for-stm32.12.3.rel1.linux64_1.0.200.202406132123/tools/bin/../lib/gcc/arm-none-eabi/12.3.1/../../../../arm-none-eabi/lib/thumb/v6-m/nofp/libc_nano.a(libc_a-sbrkr.o)
                0x08005384                _sbrk_r
 .text.memchr   0x080053a8       0x16 /home/ampellicht/st/stm32cubeide_1.16.1/plugins/com.st.stm32cube.ide.mcu.externaltools.gnu-tools-for-stm32.12.3.rel1.linux64_1.0.200.202406132123/tools/bin/../lib/gcc/arm-none-eabi/12.3.1/../../../../arm-none-eabi/lib/thumb/v6-m/nofp/libc_nano.a(libc_a-memchr-stub.o)
                0x080053a8                memchr
 .text.memcpy   0x080053be       0x12 /home/ampellicht/st/stm32cubeide_1.16.1/plugins/com.st.stm32cube.ide.mcu.externaltools.gnu-tools-for-stm32.12.3.rel1.linux64_1.0.200.202406132123/tools/bin/../lib/gcc/arm-none-eabi/12.3.1/../../../../arm-none-eabi/lib/thumb/v6-m/nofp/libc_nano.a(libc_a-memcpy-stub.o)
                0x080053be                memcpy
 .text._realloc_r
                0x080053d0       0x5e /home/ampellicht/st/stm32cubeide_1.16.1/plugins/com.st.stm32cube.ide.mcu.externaltools.gnu-tools-for-stm32.12.3.rel1.linux64_1.0.200.202406132123/tools/bin/../lib/gcc/arm-none-eabi/12.3.1/../../../../arm-none-eabi/lib/thumb/v6-m/nofp/libc_nano.a(libc_a-reallocr.o)
                0x080053d0                _realloc_r
 .text._malloc_usable_size_r
                0x0800542e       0x10 /home/ampellicht/st/stm32cubeide_1.16.1/plugins/com.st.stm32cube.ide.mcu.externaltools.gnu-tools-for-stm32.12.3.rel1.linux64_1.0.200.202406132123/tools/bin/../lib/gcc/arm-none-eabi/12.3.1/../../../../arm-none-eabi/lib/thumb/v6-m/nofp/libc_nano.a(libc_a-msizer.o)
                0x0800542e                _malloc_usable_size_r
 *(.glue_7)
 .glue_7        0x0800543e        0x0 linker stubs
 *(.glue_7t)
 .glue_7t       0x0800543e        0x0 linker stubs
 *(.eh_frame)
 *fill*         0x0800543e        0x2 
 .eh_frame      0x08005440        0x0 /home/ampellicht/st/stm32cubeide_1.16.1/plugins/com.st.stm32cube.ide.mcu.externaltools.gnu-tools-for-stm32.12.3.rel1.linux64_1.0.200.202406132123/tools/bin/../lib/gcc/arm-none-eabi/12.3.1/thumb/v6-m/nofp/crtbegin.o
 *(.init)
 .init          0x08005440        0x4 /home/ampellicht/st/stm32cubeide_1.16.1/plugins/com.st.stm32cube.ide.mcu.externaltools.gnu-tools-for-stm32.12.3.rel1.linux64_1.0.200.202406132123/tools/bin/../lib/gcc/arm-none-eabi/12.3.1/thumb/v6-m/nofp/crti.o
                0x08005440                _init
 .init          0x08005444        0x8 /home/ampellicht/st/stm32cubeide_1.16.1/plugins/com.st.stm32cube.ide.mcu.externaltools.gnu-tools-for-stm32.12.3.rel1.linux64_1.0.200.202406132123/tools/bin/../lib/gcc/arm-none-eabi/12.3.1/thumb/v6-m/nofp/crtn.o
 *(.fini)
 .fini          0x0800544c        0x4 /home/ampellicht/st/stm32cubeide_1.16.1/plugins/com.st.stm32cube.ide.mcu.externaltools.gnu-tools-for-stm32.12.3.rel1.linux64_1.0.200.202406132123/tools/bin/../lib/gcc/arm-none-eabi/12.3.1/thumb/v6-m/nofp/crti.o
                0x0800544c                _fini
 .fini          0x08005450        0x8 /home/ampellicht/st/stm32cubeide_1.16.1/plugins/com.st.stm32cube.ide.mcu.externaltools.gnu-tools-for-stm32.12.3.rel1.linux64_1.0.200.202406132123/tools/bin/../lib/gcc/arm-none-eabi/12.3.1/thumb/v6-m/nofp/crtn.o
                0x08005458                        . = ALIGN (0x4)
                0x08005458                        _etext = .

.vfp11_veneer   0x08005458        0x0
 .vfp11_veneer  0x08005458        0x0 linker stubs

.v4_bx          0x08005458        0x0
 .v4_bx         0x08005458        0x0 linker stubs

.iplt           0x08005458        0x0
 .iplt          0x08005458        0x0 /home/ampellicht/st/stm32cubeide_1.16.1/plugins/com.st.stm32cube.ide.mcu.externaltools.gnu-tools-for-stm32.12.3.rel1.linux64_1.0.200.202406132123/tools/bin/../lib/gcc/arm-none-eabi/12.3.1/thumb/v6-m/nofp/crtbegin.o

.rodata         0x08005458      0x4d8
                0x08005458                        . = ALIGN (0x4)
 *(.rodata)
 .rodata        0x08005458       0x27 ./Hardware/src/spi_func_decl.o
 *(.rodata*)
 *fill*         0x0800547f        0x1 
 .rodata.AHBPrescTable
                0x08005480       0x40 ./Core/Src/system_stm32g0xx.o
                0x08005480                AHBPrescTable
 .rodata.APBPrescTable
                0x080054c0       0x20 ./Core/Src/system_stm32g0xx.o
                0x080054c0                APBPrescTable
 .rodata.UARTPrescTable
                0x080054e0       0x18 ./Drivers/STM32G0xx_HAL_Driver/Src/stm32g0xx_hal_uart.o
                0x080054e0                UARTPrescTable
 .rodata.numerator.1
                0x080054f8        0x8 ./Drivers/STM32G0xx_HAL_Driver/Src/stm32g0xx_hal_uart_ex.o
 .rodata.denominator.0
                0x08005500        0x8 ./Drivers/STM32G0xx_HAL_Driver/Src/stm32g0xx_hal_uart_ex.o
 .rodata.OV2640_JPEG_INIT
                0x08005508      0x2fc ./Hardware/src/ov2640_regs.o
                0x08005508                OV2640_JPEG_INIT
 .rodata.OV2640_JPEG
                0x08005804       0x24 ./Hardware/src/ov2640_regs.o
                0x08005804                OV2640_JPEG
 .rodata.OV2640_YUV422
                0x08005828       0x28 ./Hardware/src/ov2640_regs.o
                0x08005828                OV2640_YUV422
 .rodata.OV2640_640x480_JPEG
                0x08005850       0xa4 ./Hardware/src/ov2640_regs.o
                0x08005850                OV2640_640x480_JPEG
 .rodata.init1  0x080058f4        0x4 ./Hardware/src/ov2640_regs.o
                0x080058f4                init1
 .rodata.init2  0x080058f8        0x4 ./Hardware/src/ov2640_regs.o
                0x080058f8                init2
 .rodata._svfprintf_r.str1.1
                0x080058fc       0x11 /home/ampellicht/st/stm32cubeide_1.16.1/plugins/com.st.stm32cube.ide.mcu.externaltools.gnu-tools-for-stm32.12.3.rel1.linux64_1.0.200.202406132123/tools/bin/../lib/gcc/arm-none-eabi/12.3.1/../../../../arm-none-eabi/lib/thumb/v6-m/nofp/libc_nano.a(libc_a-nano-svfprintf.o)
 .rodata._printf_i.str1.1
                0x0800590d       0x22 /home/ampellicht/st/stm32cubeide_1.16.1/plugins/com.st.stm32cube.ide.mcu.externaltools.gnu-tools-for-stm32.12.3.rel1.linux64_1.0.200.202406132123/tools/bin/../lib/gcc/arm-none-eabi/12.3.1/../../../../arm-none-eabi/lib/thumb/v6-m/nofp/libc_nano.a(libc_a-nano-vfprintf_i.o)
                0x08005930                        . = ALIGN (0x4)
 *fill*         0x0800592f        0x1 

.ARM.extab      0x08005930        0x0
                0x08005930                        . = ALIGN (0x4)
 *(.ARM.extab* .gnu.linkonce.armextab.*)
                0x08005930                        . = ALIGN (0x4)

.ARM            0x08005930        0x0
                0x08005930                        . = ALIGN (0x4)
                0x08005930                        __exidx_start = .
 *(.ARM.exidx*)
                0x08005930                        __exidx_end = .
                0x08005930                        . = ALIGN (0x4)

.preinit_array  0x08005930        0x0
                0x08005930                        . = ALIGN (0x4)
                0x08005930                        PROVIDE (__preinit_array_start = .)
 *(.preinit_array*)
                0x08005930                        PROVIDE (__preinit_array_end = .)
                0x08005930                        . = ALIGN (0x4)

.init_array     0x08005930        0x4
                0x08005930                        . = ALIGN (0x4)
                0x08005930                        PROVIDE (__init_array_start = .)
 *(SORT_BY_NAME(.init_array.*))
 *(.init_array*)
 .init_array    0x08005930        0x4 /home/ampellicht/st/stm32cubeide_1.16.1/plugins/com.st.stm32cube.ide.mcu.externaltools.gnu-tools-for-stm32.12.3.rel1.linux64_1.0.200.202406132123/tools/bin/../lib/gcc/arm-none-eabi/12.3.1/thumb/v6-m/nofp/crtbegin.o
                0x08005934                        PROVIDE (__init_array_end = .)
                0x08005934                        . = ALIGN (0x4)

.fini_array     0x08005934        0x4
                0x08005934                        . = ALIGN (0x4)
                [!provide]                        PROVIDE (__fini_array_start = .)
 *(SORT_BY_NAME(.fini_array.*))
 *(.fini_array*)
 .fini_array    0x08005934        0x4 /home/ampellicht/st/stm32cubeide_1.16.1/plugins/com.st.stm32cube.ide.mcu.externaltools.gnu-tools-for-stm32.12.3.rel1.linux64_1.0.200.202406132123/tools/bin/../lib/gcc/arm-none-eabi/12.3.1/thumb/v6-m/nofp/crtbegin.o
                [!provide]                        PROVIDE (__fini_array_end = .)
                0x08005938                        . = ALIGN (0x4)
                0x08005938                        _sidata = LOADADDR (.data)

.rel.dyn        0x08005938        0x0
 .rel.iplt      0x08005938        0x0 /home/ampellicht/st/stm32cubeide_1.16.1/plugins/com.st.stm32cube.ide.mcu.externaltools.gnu-tools-for-stm32.12.3.rel1.linux64_1.0.200.202406132123/tools/bin/../lib/gcc/arm-none-eabi/12.3.1/thumb/v6-m/nofp/crtbegin.o

.data           0x20000000       0x5c load address 0x08005938
                0x20000000                        . = ALIGN (0x4)
                0x20000000                        _sdata = .
 *(.data)
 *(.data*)
 .data.SystemCoreClock
                0x20000000        0x4 ./Core/Src/system_stm32g0xx.o
                0x20000000                SystemCoreClock
 .data.uwTickPrio
                0x20000004        0x4 ./Drivers/STM32G0xx_HAL_Driver/Src/stm32g0xx_hal.o
                0x20000004                uwTickPrio
 .data.uwTickFreq
                0x20000008        0x1 ./Drivers/STM32G0xx_HAL_Driver/Src/stm32g0xx_hal.o
                0x20000008                uwTickFreq
 *fill*         0x20000009        0x3 
 .data._impure_ptr
                0x2000000c        0x4 /home/ampellicht/st/stm32cubeide_1.16.1/plugins/com.st.stm32cube.ide.mcu.externaltools.gnu-tools-for-stm32.12.3.rel1.linux64_1.0.200.202406132123/tools/bin/../lib/gcc/arm-none-eabi/12.3.1/../../../../arm-none-eabi/lib/thumb/v6-m/nofp/libc_nano.a(libc_a-impure.o)
                0x2000000c                _impure_ptr
 .data._impure_data
                0x20000010       0x4c /home/ampellicht/st/stm32cubeide_1.16.1/plugins/com.st.stm32cube.ide.mcu.externaltools.gnu-tools-for-stm32.12.3.rel1.linux64_1.0.200.202406132123/tools/bin/../lib/gcc/arm-none-eabi/12.3.1/../../../../arm-none-eabi/lib/thumb/v6-m/nofp/libc_nano.a(libc_a-impure.o)
                0x20000010                _impure_data
 *(.RamFunc)
 *(.RamFunc*)
                0x2000005c                        . = ALIGN (0x4)
                0x2000005c                        _edata = .

.igot.plt       0x2000005c        0x0 load address 0x08005994
 .igot.plt      0x2000005c        0x0 /home/ampellicht/st/stm32cubeide_1.16.1/plugins/com.st.stm32cube.ide.mcu.externaltools.gnu-tools-for-stm32.12.3.rel1.linux64_1.0.200.202406132123/tools/bin/../lib/gcc/arm-none-eabi/12.3.1/thumb/v6-m/nofp/crtbegin.o
                0x2000005c                        . = ALIGN (0x4)

.bss            0x2000005c     0x4198 load address 0x08005994
                0x2000005c                        _sbss = .
                0x2000005c                        __bss_start__ = _sbss
 *(.bss)
 .bss           0x2000005c       0x1c /home/ampellicht/st/stm32cubeide_1.16.1/plugins/com.st.stm32cube.ide.mcu.externaltools.gnu-tools-for-stm32.12.3.rel1.linux64_1.0.200.202406132123/tools/bin/../lib/gcc/arm-none-eabi/12.3.1/thumb/v6-m/nofp/crtbegin.o
 *(.bss*)
 .bss.hi2c1     0x20000078       0x54 ./Core/Src/main.o
                0x20000078                hi2c1
 .bss.hspi2     0x200000cc       0x64 ./Core/Src/main.o
                0x200000cc                hspi2
 .bss.htim6     0x20000130       0x4c ./Core/Src/main.o
                0x20000130                htim6
 .bss.huart2    0x2000017c       0x94 ./Core/Src/main.o
                0x2000017c                huart2
 .bss.__sbrk_heap_end
                0x20000210        0x4 ./Core/Src/sysmem.o
 .bss.uwTick    0x20000214        0x4 ./Drivers/STM32G0xx_HAL_Driver/Src/stm32g0xx_hal.o
                0x20000214                uwTick
 .bss.sample_buffer
                0x20000218        0x4 ./Hardware/src/spi_func_decl.o
                0x20000218                sample_buffer
 .bss.length    0x2000021c        0x4 ./Hardware/src/spi_func_decl.o
                0x2000021c                length
 .bss.Buf1      0x20000220     0x3e80 ./Hardware/src/spi_func_decl.o
                0x20000220                Buf1
 .bss.picbuf    0x200040a0        0x4 ./Hardware/src/spi_func_decl.o
                0x200040a0                picbuf
 .bss.i         0x200040a4        0x4 ./Hardware/src/spi_func_decl.o
                0x200040a4                i
 .bss.iden      0x200040a8        0x1 ./Hardware/src/spi_func_decl.o
                0x200040a8                iden
 *fill*         0x200040a9        0x3 
 .bss.__sf      0x200040ac      0x138 /home/ampellicht/st/stm32cubeide_1.16.1/plugins/com.st.stm32cube.ide.mcu.externaltools.gnu-tools-for-stm32.12.3.rel1.linux64_1.0.200.202406132123/tools/bin/../lib/gcc/arm-none-eabi/12.3.1/../../../../arm-none-eabi/lib/thumb/v6-m/nofp/libc_nano.a(libc_a-findfp.o)
                0x200040ac                __sf
 .bss.errno     0x200041e4        0x4 /home/ampellicht/st/stm32cubeide_1.16.1/plugins/com.st.stm32cube.ide.mcu.externaltools.gnu-tools-for-stm32.12.3.rel1.linux64_1.0.200.202406132123/tools/bin/../lib/gcc/arm-none-eabi/12.3.1/../../../../arm-none-eabi/lib/thumb/v6-m/nofp/libc_nano.a(libc_a-reent.o)
                0x200041e4                errno
 .bss.__lock___malloc_recursive_mutex
                0x200041e8        0x1 /home/ampellicht/st/stm32cubeide_1.16.1/plugins/com.st.stm32cube.ide.mcu.externaltools.gnu-tools-for-stm32.12.3.rel1.linux64_1.0.200.202406132123/tools/bin/../lib/gcc/arm-none-eabi/12.3.1/../../../../arm-none-eabi/lib/thumb/v6-m/nofp/libc_nano.a(libc_a-lock.o)
                0x200041e8                __lock___malloc_recursive_mutex
 *fill*         0x200041e9        0x3 
 .bss.__malloc_sbrk_start
                0x200041ec        0x4 /home/ampellicht/st/stm32cubeide_1.16.1/plugins/com.st.stm32cube.ide.mcu.externaltools.gnu-tools-for-stm32.12.3.rel1.linux64_1.0.200.202406132123/tools/bin/../lib/gcc/arm-none-eabi/12.3.1/../../../../arm-none-eabi/lib/thumb/v6-m/nofp/libc_nano.a(libc_a-mallocr.o)
                0x200041ec                __malloc_sbrk_start
 .bss.__malloc_free_list
                0x200041f0        0x4 /home/ampellicht/st/stm32cubeide_1.16.1/plugins/com.st.stm32cube.ide.mcu.externaltools.gnu-tools-for-stm32.12.3.rel1.linux64_1.0.200.202406132123/tools/bin/../lib/gcc/arm-none-eabi/12.3.1/../../../../arm-none-eabi/lib/thumb/v6-m/nofp/libc_nano.a(libc_a-mallocr.o)
                0x200041f0                __malloc_free_list
 *(COMMON)
                0x200041f4                        . = ALIGN (0x4)
                0x200041f4                        _ebss = .
                0x200041f4                        __bss_end__ = _ebss

._user_heap_stack
                0x200041f4      0x604 load address 0x08005994
                0x200041f8                        . = ALIGN (0x8)
 *fill*         0x200041f4        0x4 
                [!provide]                        PROVIDE (end = .)
                0x200041f8                        PROVIDE (_end = .)
                0x200043f8                        . = (. + _Min_Heap_Size)
 *fill*         0x200041f8      0x200 
                0x200047f8                        . = (. + _Min_Stack_Size)
 *fill*         0x200043f8      0x400 
                0x200047f8                        . = ALIGN (0x8)

/DISCARD/
 libc.a(*)
 libm.a(*)
 libgcc.a(*)

.ARM.attributes
                0x00000000       0x28
 *(.ARM.attributes)
 .ARM.attributes
                0x00000000       0x1e /home/ampellicht/st/stm32cubeide_1.16.1/plugins/com.st.stm32cube.ide.mcu.externaltools.gnu-tools-for-stm32.12.3.rel1.linux64_1.0.200.202406132123/tools/bin/../lib/gcc/arm-none-eabi/12.3.1/thumb/v6-m/nofp/crti.o
 .ARM.attributes
                0x0000001e       0x2c /home/ampellicht/st/stm32cubeide_1.16.1/plugins/com.st.stm32cube.ide.mcu.externaltools.gnu-tools-for-stm32.12.3.rel1.linux64_1.0.200.202406132123/tools/bin/../lib/gcc/arm-none-eabi/12.3.1/thumb/v6-m/nofp/crtbegin.o
 .ARM.attributes
                0x0000004a       0x2c ./Core/Src/main.o
 .ARM.attributes
                0x00000076       0x2c ./Core/Src/stm32g0xx_hal_msp.o
 .ARM.attributes
                0x000000a2       0x2c ./Core/Src/stm32g0xx_it.o
 .ARM.attributes
                0x000000ce       0x2c ./Core/Src/sysmem.o
 .ARM.attributes
                0x000000fa       0x2c ./Core/Src/system_stm32g0xx.o
 .ARM.attributes
                0x00000126       0x22 ./Core/Startup/startup_stm32g070rbtx.o
 .ARM.attributes
                0x00000148       0x2c ./Drivers/STM32G0xx_HAL_Driver/Src/stm32g0xx_hal.o
 .ARM.attributes
                0x00000174       0x2c ./Drivers/STM32G0xx_HAL_Driver/Src/stm32g0xx_hal_cortex.o
 .ARM.attributes
                0x000001a0       0x2c ./Drivers/STM32G0xx_HAL_Driver/Src/stm32g0xx_hal_gpio.o
 .ARM.attributes
                0x000001cc       0x2c ./Drivers/STM32G0xx_HAL_Driver/Src/stm32g0xx_hal_i2c.o
 .ARM.attributes
                0x000001f8       0x2c ./Drivers/STM32G0xx_HAL_Driver/Src/stm32g0xx_hal_i2c_ex.o
 .ARM.attributes
                0x00000224       0x2c ./Drivers/STM32G0xx_HAL_Driver/Src/stm32g0xx_hal_pwr_ex.o
 .ARM.attributes
                0x00000250       0x2c ./Drivers/STM32G0xx_HAL_Driver/Src/stm32g0xx_hal_rcc.o
 .ARM.attributes
                0x0000027c       0x2c ./Drivers/STM32G0xx_HAL_Driver/Src/stm32g0xx_hal_rcc_ex.o
 .ARM.attributes
                0x000002a8       0x2c ./Drivers/STM32G0xx_HAL_Driver/Src/stm32g0xx_hal_spi.o
 .ARM.attributes
                0x000002d4       0x2c ./Drivers/STM32G0xx_HAL_Driver/Src/stm32g0xx_hal_tim.o
 .ARM.attributes
                0x00000300       0x2c ./Drivers/STM32G0xx_HAL_Driver/Src/stm32g0xx_hal_tim_ex.o
 .ARM.attributes
                0x0000032c       0x2c ./Drivers/STM32G0xx_HAL_Driver/Src/stm32g0xx_hal_uart.o
 .ARM.attributes
                0x00000358       0x2c ./Drivers/STM32G0xx_HAL_Driver/Src/stm32g0xx_hal_uart_ex.o
 .ARM.attributes
                0x00000384       0x2c ./Hardware/src/i2c_func_decl.o
 .ARM.attributes
                0x000003b0       0x2c ./Hardware/src/ov2640_regs.o
 .ARM.attributes
                0x000003dc       0x2c ./Hardware/src/spi_func_decl.o
 .ARM.attributes
                0x00000408       0x2c /home/ampellicht/st/stm32cubeide_1.16.1/plugins/com.st.stm32cube.ide.mcu.externaltools.gnu-tools-for-stm32.12.3.rel1.linux64_1.0.200.202406132123/tools/bin/../lib/gcc/arm-none-eabi/12.3.1/../../../../arm-none-eabi/lib/thumb/v6-m/nofp/libc_nano.a(libc_a-findfp.o)
 .ARM.attributes
                0x00000434       0x2c /home/ampellicht/st/stm32cubeide_1.16.1/plugins/com.st.stm32cube.ide.mcu.externaltools.gnu-tools-for-stm32.12.3.rel1.linux64_1.0.200.202406132123/tools/bin/../lib/gcc/arm-none-eabi/12.3.1/../../../../arm-none-eabi/lib/thumb/v6-m/nofp/libc_nano.a(libc_a-sprintf.o)
 .ARM.attributes
                0x00000460       0x2c /home/ampellicht/st/stm32cubeide_1.16.1/plugins/com.st.stm32cube.ide.mcu.externaltools.gnu-tools-for-stm32.12.3.rel1.linux64_1.0.200.202406132123/tools/bin/../lib/gcc/arm-none-eabi/12.3.1/../../../../arm-none-eabi/lib/thumb/v6-m/nofp/libc_nano.a(libc_a-memset.o)
 .ARM.attributes
                0x0000048c       0x2c /home/ampellicht/st/stm32cubeide_1.16.1/plugins/com.st.stm32cube.ide.mcu.externaltools.gnu-tools-for-stm32.12.3.rel1.linux64_1.0.200.202406132123/tools/bin/../lib/gcc/arm-none-eabi/12.3.1/../../../../arm-none-eabi/lib/thumb/v6-m/nofp/libc_nano.a(libc_a-reent.o)
 .ARM.attributes
                0x000004b8       0x2c /home/ampellicht/st/stm32cubeide_1.16.1/plugins/com.st.stm32cube.ide.mcu.externaltools.gnu-tools-for-stm32.12.3.rel1.linux64_1.0.200.202406132123/tools/bin/../lib/gcc/arm-none-eabi/12.3.1/../../../../arm-none-eabi/lib/thumb/v6-m/nofp/libc_nano.a(libc_a-impure.o)
 .ARM.attributes
                0x000004e4       0x2c /home/ampellicht/st/stm32cubeide_1.16.1/plugins/com.st.stm32cube.ide.mcu.externaltools.gnu-tools-for-stm32.12.3.rel1.linux64_1.0.200.202406132123/tools/bin/../lib/gcc/arm-none-eabi/12.3.1/../../../../arm-none-eabi/lib/thumb/v6-m/nofp/libc_nano.a(libc_a-errno.o)
 .ARM.attributes
                0x00000510       0x2c /home/ampellicht/st/stm32cubeide_1.16.1/plugins/com.st.stm32cube.ide.mcu.externaltools.gnu-tools-for-stm32.12.3.rel1.linux64_1.0.200.202406132123/tools/bin/../lib/gcc/arm-none-eabi/12.3.1/../../../../arm-none-eabi/lib/thumb/v6-m/nofp/libc_nano.a(libc_a-init.o)
 .ARM.attributes
                0x0000053c       0x2c /home/ampellicht/st/stm32cubeide_1.16.1/plugins/com.st.stm32cube.ide.mcu.externaltools.gnu-tools-for-stm32.12.3.rel1.linux64_1.0.200.202406132123/tools/bin/../lib/gcc/arm-none-eabi/12.3.1/../../../../arm-none-eabi/lib/thumb/v6-m/nofp/libc_nano.a(libc_a-lock.o)
 .ARM.attributes
                0x00000568       0x2c /home/ampellicht/st/stm32cubeide_1.16.1/plugins/com.st.stm32cube.ide.mcu.externaltools.gnu-tools-for-stm32.12.3.rel1.linux64_1.0.200.202406132123/tools/bin/../lib/gcc/arm-none-eabi/12.3.1/../../../../arm-none-eabi/lib/thumb/v6-m/nofp/libc_nano.a(libc_a-freer.o)
 .ARM.attributes
                0x00000594       0x2c /home/ampellicht/st/stm32cubeide_1.16.1/plugins/com.st.stm32cube.ide.mcu.externaltools.gnu-tools-for-stm32.12.3.rel1.linux64_1.0.200.202406132123/tools/bin/../lib/gcc/arm-none-eabi/12.3.1/../../../../arm-none-eabi/lib/thumb/v6-m/nofp/libc_nano.a(libc_a-mallocr.o)
 .ARM.attributes
                0x000005c0       0x2c /home/ampellicht/st/stm32cubeide_1.16.1/plugins/com.st.stm32cube.ide.mcu.externaltools.gnu-tools-for-stm32.12.3.rel1.linux64_1.0.200.202406132123/tools/bin/../lib/gcc/arm-none-eabi/12.3.1/../../../../arm-none-eabi/lib/thumb/v6-m/nofp/libc_nano.a(libc_a-mlock.o)
 .ARM.attributes
                0x000005ec       0x2c /home/ampellicht/st/stm32cubeide_1.16.1/plugins/com.st.stm32cube.ide.mcu.externaltools.gnu-tools-for-stm32.12.3.rel1.linux64_1.0.200.202406132123/tools/bin/../lib/gcc/arm-none-eabi/12.3.1/../../../../arm-none-eabi/lib/thumb/v6-m/nofp/libc_nano.a(libc_a-nano-svfprintf.o)
 .ARM.attributes
                0x00000618       0x2c /home/ampellicht/st/stm32cubeide_1.16.1/plugins/com.st.stm32cube.ide.mcu.externaltools.gnu-tools-for-stm32.12.3.rel1.linux64_1.0.200.202406132123/tools/bin/../lib/gcc/arm-none-eabi/12.3.1/../../../../arm-none-eabi/lib/thumb/v6-m/nofp/libc_nano.a(libc_a-nano-vfprintf_i.o)
 .ARM.attributes
                0x00000644       0x2c /home/ampellicht/st/stm32cubeide_1.16.1/plugins/com.st.stm32cube.ide.mcu.externaltools.gnu-tools-for-stm32.12.3.rel1.linux64_1.0.200.202406132123/tools/bin/../lib/gcc/arm-none-eabi/12.3.1/../../../../arm-none-eabi/lib/thumb/v6-m/nofp/libc_nano.a(libc_a-memmove.o)
 .ARM.attributes
                0x00000670       0x2c /home/ampellicht/st/stm32cubeide_1.16.1/plugins/com.st.stm32cube.ide.mcu.externaltools.gnu-tools-for-stm32.12.3.rel1.linux64_1.0.200.202406132123/tools/bin/../lib/gcc/arm-none-eabi/12.3.1/../../../../arm-none-eabi/lib/thumb/v6-m/nofp/libc_nano.a(libc_a-sbrkr.o)
 .ARM.attributes
                0x0000069c       0x2c /home/ampellicht/st/stm32cubeide_1.16.1/plugins/com.st.stm32cube.ide.mcu.externaltools.gnu-tools-for-stm32.12.3.rel1.linux64_1.0.200.202406132123/tools/bin/../lib/gcc/arm-none-eabi/12.3.1/../../../../arm-none-eabi/lib/thumb/v6-m/nofp/libc_nano.a(libc_a-memchr-stub.o)
 .ARM.attributes
                0x000006c8       0x2c /home/ampellicht/st/stm32cubeide_1.16.1/plugins/com.st.stm32cube.ide.mcu.externaltools.gnu-tools-for-stm32.12.3.rel1.linux64_1.0.200.202406132123/tools/bin/../lib/gcc/arm-none-eabi/12.3.1/../../../../arm-none-eabi/lib/thumb/v6-m/nofp/libc_nano.a(libc_a-memcpy-stub.o)
 .ARM.attributes
                0x000006f4       0x2c /home/ampellicht/st/stm32cubeide_1.16.1/plugins/com.st.stm32cube.ide.mcu.externaltools.gnu-tools-for-stm32.12.3.rel1.linux64_1.0.200.202406132123/tools/bin/../lib/gcc/arm-none-eabi/12.3.1/../../../../arm-none-eabi/lib/thumb/v6-m/nofp/libc_nano.a(libc_a-reallocr.o)
 .ARM.attributes
                0x00000720       0x2c /home/ampellicht/st/stm32cubeide_1.16.1/plugins/com.st.stm32cube.ide.mcu.externaltools.gnu-tools-for-stm32.12.3.rel1.linux64_1.0.200.202406132123/tools/bin/../lib/gcc/arm-none-eabi/12.3.1/../../../../arm-none-eabi/lib/thumb/v6-m/nofp/libc_nano.a(libc_a-msizer.o)
 .ARM.attributes
                0x0000074c       0x1e /home/ampellicht/st/stm32cubeide_1.16.1/plugins/com.st.stm32cube.ide.mcu.externaltools.gnu-tools-for-stm32.12.3.rel1.linux64_1.0.200.202406132123/tools/bin/../lib/gcc/arm-none-eabi/12.3.1/thumb/v6-m/nofp/libgcc.a(_thumb1_case_shi.o)
 .ARM.attributes
                0x0000076a       0x1e /home/ampellicht/st/stm32cubeide_1.16.1/plugins/com.st.stm32cube.ide.mcu.externaltools.gnu-tools-for-stm32.12.3.rel1.linux64_1.0.200.202406132123/tools/bin/../lib/gcc/arm-none-eabi/12.3.1/thumb/v6-m/nofp/libgcc.a(_udivsi3.o)
 .ARM.attributes
                0x00000788       0x1e /home/ampellicht/st/stm32cubeide_1.16.1/plugins/com.st.stm32cube.ide.mcu.externaltools.gnu-tools-for-stm32.12.3.rel1.linux64_1.0.200.202406132123/tools/bin/../lib/gcc/arm-none-eabi/12.3.1/thumb/v6-m/nofp/libgcc.a(_divsi3.o)
 .ARM.attributes
                0x000007a6       0x1e /home/ampellicht/st/stm32cubeide_1.16.1/plugins/com.st.stm32cube.ide.mcu.externaltools.gnu-tools-for-stm32.12.3.rel1.linux64_1.0.200.202406132123/tools/bin/../lib/gcc/arm-none-eabi/12.3.1/thumb/v6-m/nofp/libgcc.a(_dvmd_tls.o)
 .ARM.attributes
                0x000007c4       0x1e /home/ampellicht/st/stm32cubeide_1.16.1/plugins/com.st.stm32cube.ide.mcu.externaltools.gnu-tools-for-stm32.12.3.rel1.linux64_1.0.200.202406132123/tools/bin/../lib/gcc/arm-none-eabi/12.3.1/thumb/v6-m/nofp/crtn.o
OUTPUT(Capture Image V2.elf elf32-littlearm)
LOAD linker stubs
LOAD /home/ampellicht/st/stm32cubeide_1.16.1/plugins/com.st.stm32cube.ide.mcu.externaltools.gnu-tools-for-stm32.12.3.rel1.linux64_1.0.200.202406132123/tools/bin/../lib/gcc/arm-none-eabi/12.3.1/../../../../arm-none-eabi/lib/thumb/v6-m/nofp/libc.a
LOAD /home/ampellicht/st/stm32cubeide_1.16.1/plugins/com.st.stm32cube.ide.mcu.externaltools.gnu-tools-for-stm32.12.3.rel1.linux64_1.0.200.202406132123/tools/bin/../lib/gcc/arm-none-eabi/12.3.1/../../../../arm-none-eabi/lib/thumb/v6-m/nofp/libm.a
LOAD /home/ampellicht/st/stm32cubeide_1.16.1/plugins/com.st.stm32cube.ide.mcu.externaltools.gnu-tools-for-stm32.12.3.rel1.linux64_1.0.200.202406132123/tools/bin/../lib/gcc/arm-none-eabi/12.3.1/thumb/v6-m/nofp/libgcc.a

.debug_info     0x00000000    0x167af
 .debug_info    0x00000000     0x187e ./Core/Src/main.o
 .debug_info    0x0000187e     0x1650 ./Core/Src/stm32g0xx_hal_msp.o
 .debug_info    0x00002ece      0x117 ./Core/Src/stm32g0xx_it.o
 .debug_info    0x00002fe5      0x168 ./Core/Src/sysmem.o
 .debug_info    0x0000314d      0x316 ./Core/Src/system_stm32g0xx.o
 .debug_info    0x00003463       0x30 ./Core/Startup/startup_stm32g070rbtx.o
 .debug_info    0x00003493      0x8ef ./Drivers/STM32G0xx_HAL_Driver/Src/stm32g0xx_hal.o
 .debug_info    0x00003d82      0x8c1 ./Drivers/STM32G0xx_HAL_Driver/Src/stm32g0xx_hal_cortex.o
 .debug_info    0x00004643      0x59d ./Drivers/STM32G0xx_HAL_Driver/Src/stm32g0xx_hal_gpio.o
 .debug_info    0x00004be0     0x21bc ./Drivers/STM32G0xx_HAL_Driver/Src/stm32g0xx_hal_i2c.o
 .debug_info    0x00006d9c      0x9d9 ./Drivers/STM32G0xx_HAL_Driver/Src/stm32g0xx_hal_i2c_ex.o
 .debug_info    0x00007775      0x496 ./Drivers/STM32G0xx_HAL_Driver/Src/stm32g0xx_hal_pwr_ex.o
 .debug_info    0x00007c0b      0xad4 ./Drivers/STM32G0xx_HAL_Driver/Src/stm32g0xx_hal_rcc.o
 .debug_info    0x000086df      0x737 ./Drivers/STM32G0xx_HAL_Driver/Src/stm32g0xx_hal_rcc_ex.o
 .debug_info    0x00008e16     0x1720 ./Drivers/STM32G0xx_HAL_Driver/Src/stm32g0xx_hal_spi.o
 .debug_info    0x0000a536     0x2ba7 ./Drivers/STM32G0xx_HAL_Driver/Src/stm32g0xx_hal_tim.o
 .debug_info    0x0000d0dd     0x18b8 ./Drivers/STM32G0xx_HAL_Driver/Src/stm32g0xx_hal_tim_ex.o
 .debug_info    0x0000e995     0x483c ./Drivers/STM32G0xx_HAL_Driver/Src/stm32g0xx_hal_uart.o
 .debug_info    0x000131d1      0xf95 ./Drivers/STM32G0xx_HAL_Driver/Src/stm32g0xx_hal_uart_ex.o
 .debug_info    0x00014166      0xe56 ./Hardware/src/i2c_func_decl.o
 .debug_info    0x00014fbc      0x769 ./Hardware/src/ov2640_regs.o
 .debug_info    0x00015725     0x108a ./Hardware/src/spi_func_decl.o

.debug_abbrev   0x00000000     0x2da9
 .debug_abbrev  0x00000000      0x2e7 ./Core/Src/main.o
 .debug_abbrev  0x000002e7      0x26a ./Core/Src/stm32g0xx_hal_msp.o
 .debug_abbrev  0x00000551       0xac ./Core/Src/stm32g0xx_it.o
 .debug_abbrev  0x000005fd       0xbc ./Core/Src/sysmem.o
 .debug_abbrev  0x000006b9      0x119 ./Core/Src/system_stm32g0xx.o
 .debug_abbrev  0x000007d2       0x24 ./Core/Startup/startup_stm32g070rbtx.o
 .debug_abbrev  0x000007f6      0x2b4 ./Drivers/STM32G0xx_HAL_Driver/Src/stm32g0xx_hal.o
 .debug_abbrev  0x00000aaa      0x2ab ./Drivers/STM32G0xx_HAL_Driver/Src/stm32g0xx_hal_cortex.o
 .debug_abbrev  0x00000d55      0x1c3 ./Drivers/STM32G0xx_HAL_Driver/Src/stm32g0xx_hal_gpio.o
 .debug_abbrev  0x00000f18      0x291 ./Drivers/STM32G0xx_HAL_Driver/Src/stm32g0xx_hal_i2c.o
 .debug_abbrev  0x000011a9      0x1ea ./Drivers/STM32G0xx_HAL_Driver/Src/stm32g0xx_hal_i2c_ex.o
 .debug_abbrev  0x00001393      0x1d7 ./Drivers/STM32G0xx_HAL_Driver/Src/stm32g0xx_hal_pwr_ex.o
 .debug_abbrev  0x0000156a      0x2a9 ./Drivers/STM32G0xx_HAL_Driver/Src/stm32g0xx_hal_rcc.o
 .debug_abbrev  0x00001813      0x229 ./Drivers/STM32G0xx_HAL_Driver/Src/stm32g0xx_hal_rcc_ex.o
 .debug_abbrev  0x00001a3c      0x28f ./Drivers/STM32G0xx_HAL_Driver/Src/stm32g0xx_hal_spi.o
 .debug_abbrev  0x00001ccb      0x29b ./Drivers/STM32G0xx_HAL_Driver/Src/stm32g0xx_hal_tim.o
 .debug_abbrev  0x00001f66      0x2ab ./Drivers/STM32G0xx_HAL_Driver/Src/stm32g0xx_hal_tim_ex.o
 .debug_abbrev  0x00002211      0x326 ./Drivers/STM32G0xx_HAL_Driver/Src/stm32g0xx_hal_uart.o
 .debug_abbrev  0x00002537      0x2e5 ./Drivers/STM32G0xx_HAL_Driver/Src/stm32g0xx_hal_uart_ex.o
 .debug_abbrev  0x0000281c      0x23f ./Hardware/src/i2c_func_decl.o
 .debug_abbrev  0x00002a5b       0xc6 ./Hardware/src/ov2640_regs.o
 .debug_abbrev  0x00002b21      0x288 ./Hardware/src/spi_func_decl.o

.debug_aranges  0x00000000     0x13a8
 .debug_aranges
                0x00000000       0x60 ./Core/Src/main.o
 .debug_aranges
                0x00000060       0x60 ./Core/Src/stm32g0xx_hal_msp.o
 .debug_aranges
                0x000000c0       0x40 ./Core/Src/stm32g0xx_it.o
 .debug_aranges
                0x00000100       0x20 ./Core/Src/sysmem.o
 .debug_aranges
                0x00000120       0x28 ./Core/Src/system_stm32g0xx.o
 .debug_aranges
                0x00000148       0x28 ./Core/Startup/startup_stm32g070rbtx.o
 .debug_aranges
                0x00000170       0xf8 ./Drivers/STM32G0xx_HAL_Driver/Src/stm32g0xx_hal.o
 .debug_aranges
                0x00000268       0xe8 ./Drivers/STM32G0xx_HAL_Driver/Src/stm32g0xx_hal_cortex.o
 .debug_aranges
                0x00000350       0x60 ./Drivers/STM32G0xx_HAL_Driver/Src/stm32g0xx_hal_gpio.o
 .debug_aranges
                0x000003b0      0x2a0 ./Drivers/STM32G0xx_HAL_Driver/Src/stm32g0xx_hal_i2c.o
 .debug_aranges
                0x00000650       0x48 ./Drivers/STM32G0xx_HAL_Driver/Src/stm32g0xx_hal_i2c_ex.o
 .debug_aranges
                0x00000698       0x98 ./Drivers/STM32G0xx_HAL_Driver/Src/stm32g0xx_hal_pwr_ex.o
 .debug_aranges
                0x00000730       0xa0 ./Drivers/STM32G0xx_HAL_Driver/Src/stm32g0xx_hal_rcc.o
 .debug_aranges
                0x000007d0       0x40 ./Drivers/STM32G0xx_HAL_Driver/Src/stm32g0xx_hal_rcc_ex.o
 .debug_aranges
                0x00000810      0x1d8 ./Drivers/STM32G0xx_HAL_Driver/Src/stm32g0xx_hal_spi.o
 .debug_aranges
                0x000009e8      0x3e0 ./Drivers/STM32G0xx_HAL_Driver/Src/stm32g0xx_hal_tim.o
 .debug_aranges
                0x00000dc8      0x198 ./Drivers/STM32G0xx_HAL_Driver/Src/stm32g0xx_hal_tim_ex.o
 .debug_aranges
                0x00000f60      0x248 ./Drivers/STM32G0xx_HAL_Driver/Src/stm32g0xx_hal_uart.o
 .debug_aranges
                0x000011a8       0xa8 ./Drivers/STM32G0xx_HAL_Driver/Src/stm32g0xx_hal_uart_ex.o
 .debug_aranges
                0x00001250       0x98 ./Hardware/src/i2c_func_decl.o
 .debug_aranges
                0x000012e8       0x18 ./Hardware/src/ov2640_regs.o
 .debug_aranges
                0x00001300       0xa8 ./Hardware/src/spi_func_decl.o

.debug_rnglists
                0x00000000      0xf70
 .debug_rnglists
                0x00000000       0x47 ./Core/Src/main.o
 .debug_rnglists
                0x00000047       0x46 ./Core/Src/stm32g0xx_hal_msp.o
 .debug_rnglists
                0x0000008d       0x2b ./Core/Src/stm32g0xx_it.o
 .debug_rnglists
                0x000000b8       0x13 ./Core/Src/sysmem.o
 .debug_rnglists
                0x000000cb       0x1a ./Core/Src/system_stm32g0xx.o
 .debug_rnglists
                0x000000e5       0x19 ./Core/Startup/startup_stm32g070rbtx.o
 .debug_rnglists
                0x000000fe       0xb6 ./Drivers/STM32G0xx_HAL_Driver/Src/stm32g0xx_hal.o
 .debug_rnglists
                0x000001b4       0xaa ./Drivers/STM32G0xx_HAL_Driver/Src/stm32g0xx_hal_cortex.o
 .debug_rnglists
                0x0000025e       0x45 ./Drivers/STM32G0xx_HAL_Driver/Src/stm32g0xx_hal_gpio.o
 .debug_rnglists
                0x000002a3      0x229 ./Drivers/STM32G0xx_HAL_Driver/Src/stm32g0xx_hal_i2c.o
 .debug_rnglists
                0x000004cc       0x35 ./Drivers/STM32G0xx_HAL_Driver/Src/stm32g0xx_hal_i2c_ex.o
 .debug_rnglists
                0x00000501       0x72 ./Drivers/STM32G0xx_HAL_Driver/Src/stm32g0xx_hal_pwr_ex.o
 .debug_rnglists
                0x00000573       0x79 ./Drivers/STM32G0xx_HAL_Driver/Src/stm32g0xx_hal_rcc.o
 .debug_rnglists
                0x000005ec       0x2f ./Drivers/STM32G0xx_HAL_Driver/Src/stm32g0xx_hal_rcc_ex.o
 .debug_rnglists
                0x0000061b      0x17a ./Drivers/STM32G0xx_HAL_Driver/Src/stm32g0xx_hal_spi.o
 .debug_rnglists
                0x00000795      0x32a ./Drivers/STM32G0xx_HAL_Driver/Src/stm32g0xx_hal_tim.o
 .debug_rnglists
                0x00000abf      0x14e ./Drivers/STM32G0xx_HAL_Driver/Src/stm32g0xx_hal_tim_ex.o
 .debug_rnglists
                0x00000c0d      0x1fb ./Drivers/STM32G0xx_HAL_Driver/Src/stm32g0xx_hal_uart.o
 .debug_rnglists
                0x00000e08       0x80 ./Drivers/STM32G0xx_HAL_Driver/Src/stm32g0xx_hal_uart_ex.o
 .debug_rnglists
                0x00000e88       0x6d ./Hardware/src/i2c_func_decl.o
 .debug_rnglists
                0x00000ef5       0x7b ./Hardware/src/spi_func_decl.o

.debug_macro    0x00000000    0x179dc
 .debug_macro   0x00000000      0x352 ./Core/Src/main.o
 .debug_macro   0x00000352      0xa8a ./Core/Src/main.o
 .debug_macro   0x00000ddc      0x129 ./Core/Src/main.o
 .debug_macro   0x00000f05       0x2e ./Core/Src/main.o
 .debug_macro   0x00000f33       0x28 ./Core/Src/main.o
 .debug_macro   0x00000f5b       0x22 ./Core/Src/main.o
 .debug_macro   0x00000f7d       0x8e ./Core/Src/main.o
 .debug_macro   0x0000100b       0x51 ./Core/Src/main.o
 .debug_macro   0x0000105c      0x103 ./Core/Src/main.o
 .debug_macro   0x0000115f       0x6a ./Core/Src/main.o
 .debug_macro   0x000011c9      0x1df ./Core/Src/main.o
 .debug_macro   0x000013a8       0x1c ./Core/Src/main.o
 .debug_macro   0x000013c4       0x22 ./Core/Src/main.o
 .debug_macro   0x000013e6       0xd1 ./Core/Src/main.o
 .debug_macro   0x000014b7      0x4da ./Core/Src/main.o
 .debug_macro   0x00001991      0x11f ./Core/Src/main.o
 .debug_macro   0x00001ab0     0xa701 ./Core/Src/main.o
 .debug_macro   0x0000c1b1       0x66 ./Core/Src/main.o
 .debug_macro   0x0000c217     0x350e ./Core/Src/main.o
 .debug_macro   0x0000f725      0x189 ./Core/Src/main.o
 .debug_macro   0x0000f8ae       0x5c ./Core/Src/main.o
 .debug_macro   0x0000f90a      0x485 ./Core/Src/main.o
 .debug_macro   0x0000fd8f      0xeb4 ./Core/Src/main.o
 .debug_macro   0x00010c43      0x13e ./Core/Src/main.o
 .debug_macro   0x00010d81      0x1cf ./Core/Src/main.o
 .debug_macro   0x00010f50      0x13e ./Core/Src/main.o
 .debug_macro   0x0001108e      0x3a8 ./Core/Src/main.o
 .debug_macro   0x00011436      0x280 ./Core/Src/main.o
 .debug_macro   0x000116b6      0x345 ./Core/Src/main.o
 .debug_macro   0x000119fb      0x198 ./Core/Src/main.o
 .debug_macro   0x00011b93       0x43 ./Core/Src/main.o
 .debug_macro   0x00011bd6      0x1f1 ./Core/Src/main.o
 .debug_macro   0x00011dc7      0x1d6 ./Core/Src/main.o
 .debug_macro   0x00011f9d      0x2a3 ./Core/Src/main.o
 .debug_macro   0x00012240       0x28 ./Core/Src/main.o
 .debug_macro   0x00012268       0xcf ./Core/Src/main.o
 .debug_macro   0x00012337      0x22c ./Core/Src/main.o
 .debug_macro   0x00012563       0x67 ./Core/Src/main.o
 .debug_macro   0x000125ca       0xa5 ./Core/Src/main.o
 .debug_macro   0x0001266f      0x118 ./Core/Src/main.o
 .debug_macro   0x00012787      0x10d ./Core/Src/main.o
 .debug_macro   0x00012894      0x2fe ./Core/Src/main.o
 .debug_macro   0x00012b92      0xac2 ./Core/Src/main.o
 .debug_macro   0x00013654      0x124 ./Core/Src/main.o
 .debug_macro   0x00013778      0x693 ./Core/Src/main.o
 .debug_macro   0x00013e0b       0xa6 ./Core/Src/main.o
 .debug_macro   0x00013eb1      0x43d ./Core/Src/main.o
 .debug_macro   0x000142ee       0x10 ./Core/Src/main.o
 .debug_macro   0x000142fe       0x22 ./Core/Src/main.o
 .debug_macro   0x00014320       0x16 ./Core/Src/main.o
 .debug_macro   0x00014336       0x61 ./Core/Src/main.o
 .debug_macro   0x00014397       0x24 ./Core/Src/main.o
 .debug_macro   0x000143bb       0x43 ./Core/Src/main.o
 .debug_macro   0x000143fe       0x34 ./Core/Src/main.o
 .debug_macro   0x00014432       0x16 ./Core/Src/main.o
 .debug_macro   0x00014448       0x43 ./Core/Src/main.o
 .debug_macro   0x0001448b       0x34 ./Core/Src/main.o
 .debug_macro   0x000144bf       0x10 ./Core/Src/main.o
 .debug_macro   0x000144cf       0x58 ./Core/Src/main.o
 .debug_macro   0x00014527       0x8e ./Core/Src/main.o
 .debug_macro   0x000145b5       0x1c ./Core/Src/main.o
 .debug_macro   0x000145d1      0x177 ./Core/Src/main.o
 .debug_macro   0x00014748      0x369 ./Core/Src/main.o
 .debug_macro   0x00014ab1       0x10 ./Core/Src/main.o
 .debug_macro   0x00014ac1       0x35 ./Core/Src/main.o
 .debug_macro   0x00014af6       0x20 ./Core/Src/main.o
 .debug_macro   0x00014b16       0x22 ./Core/Src/main.o
 .debug_macro   0x00014b38       0x1c ./Core/Src/main.o
 .debug_macro   0x00014b54       0x10 ./Core/Src/main.o
 .debug_macro   0x00014b64       0x1c ./Core/Src/main.o
 .debug_macro   0x00014b80       0x16 ./Core/Src/main.o
 .debug_macro   0x00014b96      0x146 ./Core/Src/main.o
 .debug_macro   0x00014cdc       0x34 ./Core/Src/main.o
 .debug_macro   0x00014d10      0x21c ./Core/Src/stm32g0xx_hal_msp.o
 .debug_macro   0x00014f2c      0x226 ./Core/Src/stm32g0xx_it.o
 .debug_macro   0x00015152       0xff ./Core/Src/sysmem.o
 .debug_macro   0x00015251      0x23c ./Core/Src/sysmem.o
 .debug_macro   0x0001548d      0x20d ./Core/Src/system_stm32g0xx.o
 .debug_macro   0x0001569a      0x22b ./Drivers/STM32G0xx_HAL_Driver/Src/stm32g0xx_hal.o
 .debug_macro   0x000158c5      0x20d ./Drivers/STM32G0xx_HAL_Driver/Src/stm32g0xx_hal_cortex.o
 .debug_macro   0x00015ad2      0x214 ./Drivers/STM32G0xx_HAL_Driver/Src/stm32g0xx_hal_gpio.o
 .debug_macro   0x00015ce6      0x2d9 ./Drivers/STM32G0xx_HAL_Driver/Src/stm32g0xx_hal_i2c.o
 .debug_macro   0x00015fbf      0x20d ./Drivers/STM32G0xx_HAL_Driver/Src/stm32g0xx_hal_i2c_ex.o
 .debug_macro   0x000161cc      0x21f ./Drivers/STM32G0xx_HAL_Driver/Src/stm32g0xx_hal_pwr_ex.o
 .debug_macro   0x000163eb      0x24f ./Drivers/STM32G0xx_HAL_Driver/Src/stm32g0xx_hal_rcc.o
 .debug_macro   0x0001663a      0x225 ./Drivers/STM32G0xx_HAL_Driver/Src/stm32g0xx_hal_rcc_ex.o
 .debug_macro   0x0001685f      0x215 ./Drivers/STM32G0xx_HAL_Driver/Src/stm32g0xx_hal_spi.o
 .debug_macro   0x00016a74      0x215 ./Drivers/STM32G0xx_HAL_Driver/Src/stm32g0xx_hal_tim.o
 .debug_macro   0x00016c89      0x213 ./Drivers/STM32G0xx_HAL_Driver/Src/stm32g0xx_hal_tim_ex.o
 .debug_macro   0x00016e9c      0x238 ./Drivers/STM32G0xx_HAL_Driver/Src/stm32g0xx_hal_uart.o
 .debug_macro   0x000170d4      0x219 ./Drivers/STM32G0xx_HAL_Driver/Src/stm32g0xx_hal_uart_ex.o
 .debug_macro   0x000172ed      0x2fc ./Hardware/src/i2c_func_decl.o
 .debug_macro   0x000175e9       0x6c ./Hardware/src/ov2640_regs.o
 .debug_macro   0x00017655      0x345 ./Hardware/src/spi_func_decl.o
 .debug_macro   0x0001799a       0x16 ./Hardware/src/spi_func_decl.o
 .debug_macro   0x000179b0       0x16 ./Hardware/src/spi_func_decl.o
 .debug_macro   0x000179c6       0x16 ./Hardware/src/spi_func_decl.o

.debug_line     0x00000000    0x189cc
 .debug_line    0x00000000      0xb6f ./Core/Src/main.o
 .debug_line    0x00000b6f      0x8c1 ./Core/Src/stm32g0xx_hal_msp.o
 .debug_line    0x00001430      0x7cd ./Core/Src/stm32g0xx_it.o
 .debug_line    0x00001bfd      0x4f4 ./Core/Src/sysmem.o
 .debug_line    0x000020f1      0x7db ./Core/Src/system_stm32g0xx.o
 .debug_line    0x000028cc       0x7b ./Core/Startup/startup_stm32g070rbtx.o
 .debug_line    0x00002947      0xa7e ./Drivers/STM32G0xx_HAL_Driver/Src/stm32g0xx_hal.o
 .debug_line    0x000033c5      0xbb6 ./Drivers/STM32G0xx_HAL_Driver/Src/stm32g0xx_hal_cortex.o
 .debug_line    0x00003f7b      0xb9a ./Drivers/STM32G0xx_HAL_Driver/Src/stm32g0xx_hal_gpio.o
 .debug_line    0x00004b15     0x3a53 ./Drivers/STM32G0xx_HAL_Driver/Src/stm32g0xx_hal_i2c.o
 .debug_line    0x00008568      0x986 ./Drivers/STM32G0xx_HAL_Driver/Src/stm32g0xx_hal_i2c_ex.o
 .debug_line    0x00008eee      0x9ac ./Drivers/STM32G0xx_HAL_Driver/Src/stm32g0xx_hal_pwr_ex.o
 .debug_line    0x0000989a      0xf24 ./Drivers/STM32G0xx_HAL_Driver/Src/stm32g0xx_hal_rcc.o
 .debug_line    0x0000a7be      0xb4f ./Drivers/STM32G0xx_HAL_Driver/Src/stm32g0xx_hal_rcc_ex.o
 .debug_line    0x0000b30d     0x1f64 ./Drivers/STM32G0xx_HAL_Driver/Src/stm32g0xx_hal_spi.o
 .debug_line    0x0000d271     0x3cbe ./Drivers/STM32G0xx_HAL_Driver/Src/stm32g0xx_hal_tim.o
 .debug_line    0x00010f2f     0x1c51 ./Drivers/STM32G0xx_HAL_Driver/Src/stm32g0xx_hal_tim_ex.o
 .debug_line    0x00012b80     0x3509 ./Drivers/STM32G0xx_HAL_Driver/Src/stm32g0xx_hal_uart.o
 .debug_line    0x00016089      0xe1b ./Drivers/STM32G0xx_HAL_Driver/Src/stm32g0xx_hal_uart_ex.o
 .debug_line    0x00016ea4      0xb54 ./Hardware/src/i2c_func_decl.o
 .debug_line    0x000179f8      0x3d8 ./Hardware/src/ov2640_regs.o
 .debug_line    0x00017dd0      0xbfc ./Hardware/src/spi_func_decl.o

.debug_str      0x00000000    0x942d5
 .debug_str     0x00000000    0x8ecd4 ./Core/Src/main.o
                              0x8f37d (size before relaxing)
 .debug_str     0x0008ecd4      0x1b4 ./Core/Src/stm32g0xx_hal_msp.o
                              0x8b831 (size before relaxing)
 .debug_str     0x0008ee88       0x82 ./Core/Src/stm32g0xx_it.o
                              0x8a8fb (size before relaxing)
 .debug_str     0x0008ef0a      0x4dc ./Core/Src/sysmem.o
                               0x5fd3 (size before relaxing)
 .debug_str     0x0008f3e6       0x8e ./Core/Src/system_stm32g0xx.o
                              0x8a99c (size before relaxing)
 .debug_str     0x0008f474       0x44 ./Core/Startup/startup_stm32g070rbtx.o
                                 0x8a (size before relaxing)
 .debug_str     0x0008f4b8      0x60f ./Drivers/STM32G0xx_HAL_Driver/Src/stm32g0xx_hal.o
                              0x8b03e (size before relaxing)
 .debug_str     0x0008fac7      0x2b2 ./Drivers/STM32G0xx_HAL_Driver/Src/stm32g0xx_hal_cortex.o
                              0x8ae1b (size before relaxing)
 .debug_str     0x0008fd79      0x12c ./Drivers/STM32G0xx_HAL_Driver/Src/stm32g0xx_hal_gpio.o
                              0x8aad1 (size before relaxing)
 .debug_str     0x0008fea5      0xdf7 ./Drivers/STM32G0xx_HAL_Driver/Src/stm32g0xx_hal_i2c.o
                              0x8bd5f (size before relaxing)
 .debug_str     0x00090c9c       0xb8 ./Drivers/STM32G0xx_HAL_Driver/Src/stm32g0xx_hal_i2c_ex.o
                              0x8afdb (size before relaxing)
 .debug_str     0x00090d54      0x221 ./Drivers/STM32G0xx_HAL_Driver/Src/stm32g0xx_hal_pwr_ex.o
                              0x8abf0 (size before relaxing)
 .debug_str     0x00090f75      0x49c ./Drivers/STM32G0xx_HAL_Driver/Src/stm32g0xx_hal_rcc.o
                              0x8b0c0 (size before relaxing)
 .debug_str     0x00091411      0x185 ./Drivers/STM32G0xx_HAL_Driver/Src/stm32g0xx_hal_rcc_ex.o
                              0x8aced (size before relaxing)
 .debug_str     0x00091596      0x560 ./Drivers/STM32G0xx_HAL_Driver/Src/stm32g0xx_hal_spi.o
                              0x8b382 (size before relaxing)
 .debug_str     0x00091af6      0xe93 ./Drivers/STM32G0xx_HAL_Driver/Src/stm32g0xx_hal_tim.o
                              0x8bede (size before relaxing)
 .debug_str     0x00092989      0x5f9 ./Drivers/STM32G0xx_HAL_Driver/Src/stm32g0xx_hal_tim_ex.o
                              0x8b86c (size before relaxing)
 .debug_str     0x00092f82      0x9b2 ./Drivers/STM32G0xx_HAL_Driver/Src/stm32g0xx_hal_uart.o
                              0x8b967 (size before relaxing)
 .debug_str     0x00093934      0x264 ./Drivers/STM32G0xx_HAL_Driver/Src/stm32g0xx_hal_uart_ex.o
                              0x8b226 (size before relaxing)
 .debug_str     0x00093b98      0x1cc ./Hardware/src/i2c_func_decl.o
                              0x8e52f (size before relaxing)
 .debug_str     0x00093d64      0x422 ./Hardware/src/ov2640_regs.o
                               0x4101 (size before relaxing)
 .debug_str     0x00094186      0x14f ./Hardware/src/spi_func_decl.o
                              0x8eaf3 (size before relaxing)

.comment        0x00000000       0x43
 .comment       0x00000000       0x43 ./Core/Src/main.o
                                 0x44 (size before relaxing)
 .comment       0x00000043       0x44 ./Core/Src/stm32g0xx_hal_msp.o
 .comment       0x00000043       0x44 ./Core/Src/stm32g0xx_it.o
 .comment       0x00000043       0x44 ./Core/Src/sysmem.o
 .comment       0x00000043       0x44 ./Core/Src/system_stm32g0xx.o
 .comment       0x00000043       0x44 ./Drivers/STM32G0xx_HAL_Driver/Src/stm32g0xx_hal.o
 .comment       0x00000043       0x44 ./Drivers/STM32G0xx_HAL_Driver/Src/stm32g0xx_hal_cortex.o
 .comment       0x00000043       0x44 ./Drivers/STM32G0xx_HAL_Driver/Src/stm32g0xx_hal_gpio.o
 .comment       0x00000043       0x44 ./Drivers/STM32G0xx_HAL_Driver/Src/stm32g0xx_hal_i2c.o
 .comment       0x00000043       0x44 ./Drivers/STM32G0xx_HAL_Driver/Src/stm32g0xx_hal_i2c_ex.o
 .comment       0x00000043       0x44 ./Drivers/STM32G0xx_HAL_Driver/Src/stm32g0xx_hal_pwr_ex.o
 .comment       0x00000043       0x44 ./Drivers/STM32G0xx_HAL_Driver/Src/stm32g0xx_hal_rcc.o
 .comment       0x00000043       0x44 ./Drivers/STM32G0xx_HAL_Driver/Src/stm32g0xx_hal_rcc_ex.o
 .comment       0x00000043       0x44 ./Drivers/STM32G0xx_HAL_Driver/Src/stm32g0xx_hal_spi.o
 .comment       0x00000043       0x44 ./Drivers/STM32G0xx_HAL_Driver/Src/stm32g0xx_hal_tim.o
 .comment       0x00000043       0x44 ./Drivers/STM32G0xx_HAL_Driver/Src/stm32g0xx_hal_tim_ex.o
 .comment       0x00000043       0x44 ./Drivers/STM32G0xx_HAL_Driver/Src/stm32g0xx_hal_uart.o
 .comment       0x00000043       0x44 ./Drivers/STM32G0xx_HAL_Driver/Src/stm32g0xx_hal_uart_ex.o
 .comment       0x00000043       0x44 ./Hardware/src/i2c_func_decl.o
 .comment       0x00000043       0x44 ./Hardware/src/ov2640_regs.o
 .comment       0x00000043       0x44 ./Hardware/src/spi_func_decl.o

.debug_frame    0x00000000     0x4c80
 .debug_frame   0x00000000      0x11c ./Core/Src/main.o
 .debug_frame   0x0000011c      0x130 ./Core/Src/stm32g0xx_hal_msp.o
 .debug_frame   0x0000024c       0x9c ./Core/Src/stm32g0xx_it.o
 .debug_frame   0x000002e8       0x30 ./Core/Src/sysmem.o
 .debug_frame   0x00000318       0x4c ./Core/Src/system_stm32g0xx.o
 .debug_frame   0x00000364      0x340 ./Drivers/STM32G0xx_HAL_Driver/Src/stm32g0xx_hal.o
 .debug_frame   0x000006a4      0x33c ./Drivers/STM32G0xx_HAL_Driver/Src/stm32g0xx_hal_cortex.o
 .debug_frame   0x000009e0      0x130 ./Drivers/STM32G0xx_HAL_Driver/Src/stm32g0xx_hal_gpio.o
 .debug_frame   0x00000b10      0xa68 ./Drivers/STM32G0xx_HAL_Driver/Src/stm32g0xx_hal_i2c.o
 .debug_frame   0x00001578       0xd0 ./Drivers/STM32G0xx_HAL_Driver/Src/stm32g0xx_hal_i2c_ex.o
 .debug_frame   0x00001648      0x1f4 ./Drivers/STM32G0xx_HAL_Driver/Src/stm32g0xx_hal_pwr_ex.o
 .debug_frame   0x0000183c      0x214 ./Drivers/STM32G0xx_HAL_Driver/Src/stm32g0xx_hal_rcc.o
 .debug_frame   0x00001a50       0xb0 ./Drivers/STM32G0xx_HAL_Driver/Src/stm32g0xx_hal_rcc_ex.o
 .debug_frame   0x00001b00      0x710 ./Drivers/STM32G0xx_HAL_Driver/Src/stm32g0xx_hal_spi.o
 .debug_frame   0x00002210      0xf40 ./Drivers/STM32G0xx_HAL_Driver/Src/stm32g0xx_hal_tim.o
 .debug_frame   0x00003150      0x620 ./Drivers/STM32G0xx_HAL_Driver/Src/stm32g0xx_hal_tim_ex.o
 .debug_frame   0x00003770      0x8d4 ./Drivers/STM32G0xx_HAL_Driver/Src/stm32g0xx_hal_uart.o
 .debug_frame   0x00004044      0x258 ./Drivers/STM32G0xx_HAL_Driver/Src/stm32g0xx_hal_uart_ex.o
 .debug_frame   0x0000429c      0x20c ./Hardware/src/i2c_func_decl.o
 .debug_frame   0x000044a8      0x25c ./Hardware/src/spi_func_decl.o
 .debug_frame   0x00004704      0x138 /home/ampellicht/st/stm32cubeide_1.16.1/plugins/com.st.stm32cube.ide.mcu.externaltools.gnu-tools-for-stm32.12.3.rel1.linux64_1.0.200.202406132123/tools/bin/../lib/gcc/arm-none-eabi/12.3.1/../../../../arm-none-eabi/lib/thumb/v6-m/nofp/libc_nano.a(libc_a-findfp.o)
 .debug_frame   0x0000483c       0x48 /home/ampellicht/st/stm32cubeide_1.16.1/plugins/com.st.stm32cube.ide.mcu.externaltools.gnu-tools-for-stm32.12.3.rel1.linux64_1.0.200.202406132123/tools/bin/../lib/gcc/arm-none-eabi/12.3.1/../../../../arm-none-eabi/lib/thumb/v6-m/nofp/libc_nano.a(libc_a-sprintf.o)
 .debug_frame   0x00004884       0x20 /home/ampellicht/st/stm32cubeide_1.16.1/plugins/com.st.stm32cube.ide.mcu.externaltools.gnu-tools-for-stm32.12.3.rel1.linux64_1.0.200.202406132123/tools/bin/../lib/gcc/arm-none-eabi/12.3.1/../../../../arm-none-eabi/lib/thumb/v6-m/nofp/libc_nano.a(libc_a-memset.o)
 .debug_frame   0x000048a4       0x2c /home/ampellicht/st/stm32cubeide_1.16.1/plugins/com.st.stm32cube.ide.mcu.externaltools.gnu-tools-for-stm32.12.3.rel1.linux64_1.0.200.202406132123/tools/bin/../lib/gcc/arm-none-eabi/12.3.1/../../../../arm-none-eabi/lib/thumb/v6-m/nofp/libc_nano.a(libc_a-reent.o)
 .debug_frame   0x000048d0       0x20 /home/ampellicht/st/stm32cubeide_1.16.1/plugins/com.st.stm32cube.ide.mcu.externaltools.gnu-tools-for-stm32.12.3.rel1.linux64_1.0.200.202406132123/tools/bin/../lib/gcc/arm-none-eabi/12.3.1/../../../../arm-none-eabi/lib/thumb/v6-m/nofp/libc_nano.a(libc_a-errno.o)
 .debug_frame   0x000048f0       0x2c /home/ampellicht/st/stm32cubeide_1.16.1/plugins/com.st.stm32cube.ide.mcu.externaltools.gnu-tools-for-stm32.12.3.rel1.linux64_1.0.200.202406132123/tools/bin/../lib/gcc/arm-none-eabi/12.3.1/../../../../arm-none-eabi/lib/thumb/v6-m/nofp/libc_nano.a(libc_a-init.o)
 .debug_frame   0x0000491c       0xb0 /home/ampellicht/st/stm32cubeide_1.16.1/plugins/com.st.stm32cube.ide.mcu.externaltools.gnu-tools-for-stm32.12.3.rel1.linux64_1.0.200.202406132123/tools/bin/../lib/gcc/arm-none-eabi/12.3.1/../../../../arm-none-eabi/lib/thumb/v6-m/nofp/libc_nano.a(libc_a-lock.o)
 .debug_frame   0x000049cc       0x2c /home/ampellicht/st/stm32cubeide_1.16.1/plugins/com.st.stm32cube.ide.mcu.externaltools.gnu-tools-for-stm32.12.3.rel1.linux64_1.0.200.202406132123/tools/bin/../lib/gcc/arm-none-eabi/12.3.1/../../../../arm-none-eabi/lib/thumb/v6-m/nofp/libc_nano.a(libc_a-freer.o)
 .debug_frame   0x000049f8       0x50 /home/ampellicht/st/stm32cubeide_1.16.1/plugins/com.st.stm32cube.ide.mcu.externaltools.gnu-tools-for-stm32.12.3.rel1.linux64_1.0.200.202406132123/tools/bin/../lib/gcc/arm-none-eabi/12.3.1/../../../../arm-none-eabi/lib/thumb/v6-m/nofp/libc_nano.a(libc_a-mallocr.o)
 .debug_frame   0x00004a48       0x40 /home/ampellicht/st/stm32cubeide_1.16.1/plugins/com.st.stm32cube.ide.mcu.externaltools.gnu-tools-for-stm32.12.3.rel1.linux64_1.0.200.202406132123/tools/bin/../lib/gcc/arm-none-eabi/12.3.1/../../../../arm-none-eabi/lib/thumb/v6-m/nofp/libc_nano.a(libc_a-mlock.o)
 .debug_frame   0x00004a88       0x74 /home/ampellicht/st/stm32cubeide_1.16.1/plugins/com.st.stm32cube.ide.mcu.externaltools.gnu-tools-for-stm32.12.3.rel1.linux64_1.0.200.202406132123/tools/bin/../lib/gcc/arm-none-eabi/12.3.1/../../../../arm-none-eabi/lib/thumb/v6-m/nofp/libc_nano.a(libc_a-nano-svfprintf.o)
 .debug_frame   0x00004afc       0x54 /home/ampellicht/st/stm32cubeide_1.16.1/plugins/com.st.stm32cube.ide.mcu.externaltools.gnu-tools-for-stm32.12.3.rel1.linux64_1.0.200.202406132123/tools/bin/../lib/gcc/arm-none-eabi/12.3.1/../../../../arm-none-eabi/lib/thumb/v6-m/nofp/libc_nano.a(libc_a-nano-vfprintf_i.o)
 .debug_frame   0x00004b50       0x28 /home/ampellicht/st/stm32cubeide_1.16.1/plugins/com.st.stm32cube.ide.mcu.externaltools.gnu-tools-for-stm32.12.3.rel1.linux64_1.0.200.202406132123/tools/bin/../lib/gcc/arm-none-eabi/12.3.1/../../../../arm-none-eabi/lib/thumb/v6-m/nofp/libc_nano.a(libc_a-memmove.o)
 .debug_frame   0x00004b78       0x2c /home/ampellicht/st/stm32cubeide_1.16.1/plugins/com.st.stm32cube.ide.mcu.externaltools.gnu-tools-for-stm32.12.3.rel1.linux64_1.0.200.202406132123/tools/bin/../lib/gcc/arm-none-eabi/12.3.1/../../../../arm-none-eabi/lib/thumb/v6-m/nofp/libc_nano.a(libc_a-sbrkr.o)
 .debug_frame   0x00004ba4       0x20 /home/ampellicht/st/stm32cubeide_1.16.1/plugins/com.st.stm32cube.ide.mcu.externaltools.gnu-tools-for-stm32.12.3.rel1.linux64_1.0.200.202406132123/tools/bin/../lib/gcc/arm-none-eabi/12.3.1/../../../../arm-none-eabi/lib/thumb/v6-m/nofp/libc_nano.a(libc_a-memchr-stub.o)
 .debug_frame   0x00004bc4       0x28 /home/ampellicht/st/stm32cubeide_1.16.1/plugins/com.st.stm32cube.ide.mcu.externaltools.gnu-tools-for-stm32.12.3.rel1.linux64_1.0.200.202406132123/tools/bin/../lib/gcc/arm-none-eabi/12.3.1/../../../../arm-none-eabi/lib/thumb/v6-m/nofp/libc_nano.a(libc_a-memcpy-stub.o)
 .debug_frame   0x00004bec       0x34 /home/ampellicht/st/stm32cubeide_1.16.1/plugins/com.st.stm32cube.ide.mcu.externaltools.gnu-tools-for-stm32.12.3.rel1.linux64_1.0.200.202406132123/tools/bin/../lib/gcc/arm-none-eabi/12.3.1/../../../../arm-none-eabi/lib/thumb/v6-m/nofp/libc_nano.a(libc_a-reallocr.o)
 .debug_frame   0x00004c20       0x20 /home/ampellicht/st/stm32cubeide_1.16.1/plugins/com.st.stm32cube.ide.mcu.externaltools.gnu-tools-for-stm32.12.3.rel1.linux64_1.0.200.202406132123/tools/bin/../lib/gcc/arm-none-eabi/12.3.1/../../../../arm-none-eabi/lib/thumb/v6-m/nofp/libc_nano.a(libc_a-msizer.o)
 .debug_frame   0x00004c40       0x20 /home/ampellicht/st/stm32cubeide_1.16.1/plugins/com.st.stm32cube.ide.mcu.externaltools.gnu-tools-for-stm32.12.3.rel1.linux64_1.0.200.202406132123/tools/bin/../lib/gcc/arm-none-eabi/12.3.1/thumb/v6-m/nofp/libgcc.a(_udivsi3.o)
 .debug_frame   0x00004c60       0x20 /home/ampellicht/st/stm32cubeide_1.16.1/plugins/com.st.stm32cube.ide.mcu.externaltools.gnu-tools-for-stm32.12.3.rel1.linux64_1.0.200.202406132123/tools/bin/../lib/gcc/arm-none-eabi/12.3.1/thumb/v6-m/nofp/libgcc.a(_divsi3.o)

.debug_line_str
                0x00000000       0x6e
 .debug_line_str
                0x00000000       0x6e ./Core/Startup/startup_stm32g070rbtx.o
