../Hardware/src/spi_func_decl.c:23:9:bus_read	32	static
../Hardware/src/spi_func_decl.c:34:9:bus_write	16	static
../Hardware/src/spi_func_decl.c:46:9:read_reg	32	static
../Hardware/src/spi_func_decl.c:52:6:write_reg	16	static
../Hardware/src/spi_func_decl.c:56:9:spi_readwritebyte	32	static
../Hardware/src/spi_func_decl.c:83:6:flush_fifo	24	static
../Hardware/src/spi_func_decl.c:90:6:clear_fifo_flag	8	static
../Hardware/src/spi_func_decl.c:94:9:read_fifo	24	static
../Hardware/src/spi_func_decl.c:100:6:start_capture	8	static
../Hardware/src/spi_func_decl.c:104:9:get_bit	32	static
../Hardware/src/spi_func_decl.c:111:6:set_bit	32	static
../Hardware/src/spi_func_decl.c:117:10:read_fifo_length	24	static
../Hardware/src/spi_func_decl.c:126:6:clear_bit	32	static
../Hardware/src/spi_func_decl.c:132:6:set_fifo_burst	24	static
../Hardware/src/spi_func_decl.c:138:6:ov2640_capture	8	static
../Hardware/src/spi_func_decl.c:155:6:send_pic	48	static
../Hardware/src/spi_func_decl.c:160:6:check_camspi	32	static
../Hardware/src/spi_func_decl.c:182:6:debug_spi_func	40	static
